Archive member included to satisfy reference by file (symbol)

/usr/share/gcc-arm-none-eabi-10.3-2021.07/bin/../lib/gcc/arm-none-eabi/10.3.1/../../../../arm-none-eabi/lib/thumb/v7e-m+fp/hard/libc_nano.a(lib_a-ctype_.o)
                              build/debug.o (_ctype_)
/usr/share/gcc-arm-none-eabi-10.3-2021.07/bin/../lib/gcc/arm-none-eabi/10.3.1/../../../../arm-none-eabi/lib/thumb/v7e-m+fp/hard/libc_nano.a(lib_a-exit.o)
                              /usr/share/gcc-arm-none-eabi-10.3-2021.07/bin/../lib/gcc/arm-none-eabi/10.3.1/../../../../arm-none-eabi/lib/thumb/v7e-m+fp/hard/crt0.o (exit)
/usr/share/gcc-arm-none-eabi-10.3-2021.07/bin/../lib/gcc/arm-none-eabi/10.3.1/../../../../arm-none-eabi/lib/thumb/v7e-m+fp/hard/libc_nano.a(lib_a-impure.o)
                              /usr/share/gcc-arm-none-eabi-10.3-2021.07/bin/../lib/gcc/arm-none-eabi/10.3.1/../../../../arm-none-eabi/lib/thumb/v7e-m+fp/hard/libc_nano.a(lib_a-exit.o) (_global_impure_ptr)
/usr/share/gcc-arm-none-eabi-10.3-2021.07/bin/../lib/gcc/arm-none-eabi/10.3.1/../../../../arm-none-eabi/lib/thumb/v7e-m+fp/hard/libc_nano.a(lib_a-init.o)
                              /usr/share/gcc-arm-none-eabi-10.3-2021.07/bin/../lib/gcc/arm-none-eabi/10.3.1/../../../../arm-none-eabi/lib/thumb/v7e-m+fp/hard/crt0.o (__libc_init_array)
/usr/share/gcc-arm-none-eabi-10.3-2021.07/bin/../lib/gcc/arm-none-eabi/10.3.1/../../../../arm-none-eabi/lib/thumb/v7e-m+fp/hard/libc_nano.a(lib_a-memcpy-stub.o)
                              build/usbd_cdc_if.o (memcpy)
/usr/share/gcc-arm-none-eabi-10.3-2021.07/bin/../lib/gcc/arm-none-eabi/10.3.1/../../../../arm-none-eabi/lib/thumb/v7e-m+fp/hard/libc_nano.a(lib_a-memset.o)
                              /usr/share/gcc-arm-none-eabi-10.3-2021.07/bin/../lib/gcc/arm-none-eabi/10.3.1/../../../../arm-none-eabi/lib/thumb/v7e-m+fp/hard/crt0.o (memset)
/usr/share/gcc-arm-none-eabi-10.3-2021.07/bin/../lib/gcc/arm-none-eabi/10.3.1/../../../../arm-none-eabi/lib/thumb/v7e-m+fp/hard/libnosys.a(_exit.o)
                              /usr/share/gcc-arm-none-eabi-10.3-2021.07/bin/../lib/gcc/arm-none-eabi/10.3.1/../../../../arm-none-eabi/lib/thumb/v7e-m+fp/hard/libc_nano.a(lib_a-exit.o) (_exit)
/usr/share/gcc-arm-none-eabi-10.3-2021.07/bin/../lib/gcc/arm-none-eabi/10.3.1/thumb/v7e-m+fp/hard/libgcc.a(_arm_truncdfsf2.o)
                              build/debug.o (__aeabi_d2f)
/usr/share/gcc-arm-none-eabi-10.3-2021.07/bin/../lib/gcc/arm-none-eabi/10.3.1/thumb/v7e-m+fp/hard/libgcc.a(_aeabi_uldivmod.o)
                              build/stm32f4xx_hal_rcc.o (__aeabi_uldivmod)
/usr/share/gcc-arm-none-eabi-10.3-2021.07/bin/../lib/gcc/arm-none-eabi/10.3.1/thumb/v7e-m+fp/hard/libgcc.a(_fixsfdi.o)
                              build/debug.o (__aeabi_f2lz)
/usr/share/gcc-arm-none-eabi-10.3-2021.07/bin/../lib/gcc/arm-none-eabi/10.3.1/thumb/v7e-m+fp/hard/libgcc.a(_fixunssfdi.o)
                              /usr/share/gcc-arm-none-eabi-10.3-2021.07/bin/../lib/gcc/arm-none-eabi/10.3.1/thumb/v7e-m+fp/hard/libgcc.a(_fixsfdi.o) (__aeabi_f2ulz)
/usr/share/gcc-arm-none-eabi-10.3-2021.07/bin/../lib/gcc/arm-none-eabi/10.3.1/thumb/v7e-m+fp/hard/libgcc.a(_udivmoddi4.o)
                              /usr/share/gcc-arm-none-eabi-10.3-2021.07/bin/../lib/gcc/arm-none-eabi/10.3.1/thumb/v7e-m+fp/hard/libgcc.a(_aeabi_uldivmod.o) (__udivmoddi4)
/usr/share/gcc-arm-none-eabi-10.3-2021.07/bin/../lib/gcc/arm-none-eabi/10.3.1/thumb/v7e-m+fp/hard/libgcc.a(_arm_muldf3.o)
                              /usr/share/gcc-arm-none-eabi-10.3-2021.07/bin/../lib/gcc/arm-none-eabi/10.3.1/thumb/v7e-m+fp/hard/libgcc.a(_fixunssfdi.o) (__aeabi_dmul)
/usr/share/gcc-arm-none-eabi-10.3-2021.07/bin/../lib/gcc/arm-none-eabi/10.3.1/thumb/v7e-m+fp/hard/libgcc.a(_dvmd_tls.o)
                              /usr/share/gcc-arm-none-eabi-10.3-2021.07/bin/../lib/gcc/arm-none-eabi/10.3.1/thumb/v7e-m+fp/hard/libgcc.a(_aeabi_uldivmod.o) (__aeabi_ldiv0)
/usr/share/gcc-arm-none-eabi-10.3-2021.07/bin/../lib/gcc/arm-none-eabi/10.3.1/thumb/v7e-m+fp/hard/libgcc.a(_arm_addsubdf3.o)
                              /usr/share/gcc-arm-none-eabi-10.3-2021.07/bin/../lib/gcc/arm-none-eabi/10.3.1/thumb/v7e-m+fp/hard/libgcc.a(_fixunssfdi.o) (__aeabi_dsub)
/usr/share/gcc-arm-none-eabi-10.3-2021.07/bin/../lib/gcc/arm-none-eabi/10.3.1/thumb/v7e-m+fp/hard/libgcc.a(_arm_fixunsdfsi.o)
                              /usr/share/gcc-arm-none-eabi-10.3-2021.07/bin/../lib/gcc/arm-none-eabi/10.3.1/thumb/v7e-m+fp/hard/libgcc.a(_fixunssfdi.o) (__aeabi_d2uiz)

Discarded input sections

 .text          0x0000000000000000        0x0 /usr/share/gcc-arm-none-eabi-10.3-2021.07/bin/../lib/gcc/arm-none-eabi/10.3.1/thumb/v7e-m+fp/hard/crti.o
 .data          0x0000000000000000        0x0 /usr/share/gcc-arm-none-eabi-10.3-2021.07/bin/../lib/gcc/arm-none-eabi/10.3.1/thumb/v7e-m+fp/hard/crti.o
 .bss           0x0000000000000000        0x0 /usr/share/gcc-arm-none-eabi-10.3-2021.07/bin/../lib/gcc/arm-none-eabi/10.3.1/thumb/v7e-m+fp/hard/crti.o
[...]
Memory Configuration

Name             Origin             Length             Attributes
RAM              0x0000000020000000 0x0000000000020000 xrw
CCMRAM           0x0000000010000000 0x0000000000010000 xrw
FLASH            0x0000000008000000 0x0000000000100000 xr
*default*        0x0000000000000000 0xffffffffffffffff

Linker script and memory map

LOAD /usr/share/gcc-arm-none-eabi-10.3-2021.07/bin/../lib/gcc/arm-none-eabi/10.3.1/thumb/v7e-m+fp/hard/crti.o
LOAD /usr/share/gcc-arm-none-eabi-10.3-2021.07/bin/../lib/gcc/arm-none-eabi/10.3.1/thumb/v7e-m+fp/hard/crtbegin.o
LOAD /usr/share/gcc-arm-none-eabi-10.3-2021.07/bin/../lib/gcc/arm-none-eabi/10.3.1/../../../../arm-none-eabi/lib/thumb/v7e-m+fp/hard/crt0.o
LOAD build/main.o
LOAD build/gpio.o
LOAD build/stm32f4xx_it.o
LOAD build/stm32f4xx_hal_msp.o
LOAD build/stm32f4xx_hal_tim.o
LOAD build/stm32f4xx_hal_tim_ex.o
LOAD build/stm32f4xx_hal_rcc.o
LOAD build/stm32f4xx_hal_rcc_ex.o
LOAD build/stm32f4xx_hal_flash.o
LOAD build/stm32f4xx_hal_flash_ex.o
LOAD build/stm32f4xx_hal_flash_ramfunc.o
LOAD build/stm32f4xx_hal_gpio.o
LOAD build/stm32f4xx_hal_dma_ex.o
LOAD build/stm32f4xx_hal_dma.o
LOAD build/stm32f4xx_hal_pwr.o
LOAD build/stm32f4xx_hal_pwr_ex.o
LOAD build/stm32f4xx_hal_cortex.o
LOAD build/stm32f4xx_hal.o
LOAD build/stm32f4xx_hal_exti.o
LOAD build/system_stm32f4xx.o
LOAD build/tim.o
LOAD build/usb_device.o
LOAD build/usbd_desc.o
LOAD build/usbd_cdc_if.o
LOAD build/usbd_conf.o
LOAD build/stm32f4xx_hal_pcd.o
LOAD build/stm32f4xx_hal_pcd_ex.o
LOAD build/stm32f4xx_ll_usb.o
LOAD build/usbd_core.o
LOAD build/usbd_ctlreq.o
LOAD build/usbd_ioreq.o
LOAD build/usbd_cdc.o
LOAD build/usart.o
LOAD build/stm32f4xx_hal_uart.o
LOAD build/freertos.o
LOAD build/stm32f4xx_hal_timebase_tim.o
LOAD build/croutine.o
LOAD build/event_groups.o
LOAD build/list.o
LOAD build/queue.o
LOAD build/stream_buffer.o
LOAD build/tasks.o
LOAD build/timers.o
LOAD build/cmsis_os2.o
LOAD build/heap_4.o
LOAD build/port.o
LOAD build/car_driver.o
LOAD build/_usart.o
LOAD build/debug.o
LOAD build/system.o
LOAD build/crtp.o
LOAD build/cfassert.o
LOAD build/static_mem.o
LOAD build/usblink.o
LOAD build/startup_stm32f407xx.o
LOAD /usr/share/gcc-arm-none-eabi-10.3-2021.07/bin/../lib/gcc/arm-none-eabi/10.3.1/../../../../arm-none-eabi/lib/thumb/v7e-m+fp/hard/libc_nano.a
LOAD /usr/share/gcc-arm-none-eabi-10.3-2021.07/bin/../lib/gcc/arm-none-eabi/10.3.1/../../../../arm-none-eabi/lib/thumb/v7e-m+fp/hard/libm.a
LOAD /usr/share/gcc-arm-none-eabi-10.3-2021.07/bin/../lib/gcc/arm-none-eabi/10.3.1/../../../../arm-none-eabi/lib/thumb/v7e-m+fp/hard/libnosys.a
START GROUP
LOAD /usr/share/gcc-arm-none-eabi-10.3-2021.07/bin/../lib/gcc/arm-none-eabi/10.3.1/thumb/v7e-m+fp/hard/libgcc.a
LOAD /usr/share/gcc-arm-none-eabi-10.3-2021.07/bin/../lib/gcc/arm-none-eabi/10.3.1/../../../../arm-none-eabi/lib/thumb/v7e-m+fp/hard/libc_nano.a
END GROUP
START GROUP
LOAD /usr/share/gcc-arm-none-eabi-10.3-2021.07/bin/../lib/gcc/arm-none-eabi/10.3.1/thumb/v7e-m+fp/hard/libgcc.a
LOAD /usr/share/gcc-arm-none-eabi-10.3-2021.07/bin/../lib/gcc/arm-none-eabi/10.3.1/../../../../arm-none-eabi/lib/thumb/v7e-m+fp/hard/libc_nano.a
END GROUP
LOAD /usr/share/gcc-arm-none-eabi-10.3-2021.07/bin/../lib/gcc/arm-none-eabi/10.3.1/thumb/v7e-m+fp/hard/crtend.o
LOAD /usr/share/gcc-arm-none-eabi-10.3-2021.07/bin/../lib/gcc/arm-none-eabi/10.3.1/thumb/v7e-m+fp/hard/crtn.o
                0x0000000020020000                _estack = 0x20020000
                0x0000000000000200                _Min_Heap_Size = 0x200
                0x0000000000000400                _Min_Stack_Size = 0x400

.isr_vector     0x0000000008000000      0x188
                0x0000000008000000                . = ALIGN (0x4)
 *(.isr_vector)
 .isr_vector    0x0000000008000000      0x188 build/startup_stm32f407xx.o
                0x0000000008000000                g_pfnVectors
                0x0000000008000188                . = ALIGN (0x4)

.text           0x0000000008000190     0x7668
                0x0000000008000190                . = ALIGN (0x4)
 *(.text)
 .text          0x0000000008000190       0x40 /usr/share/gcc-arm-none-eabi-10.3-2021.07/bin/../lib/gcc/arm-none-eabi/10.3.1/thumb/v7e-m+fp/hard/crtbegin.o
 .text          0x00000000080001d0       0xa0 /usr/share/gcc-arm-none-eabi-10.3-2021.07/bin/../lib/gcc/arm-none-eabi/10.3.1/thumb/v7e-m+fp/hard/libgcc.a(_arm_truncdfsf2.o)
                0x00000000080001d0                __aeabi_d2f
                0x00000000080001d0                __truncdfsf2
 .text          0x0000000008000270       0x30 /usr/share/gcc-arm-none-eabi-10.3-2021.07/bin/../lib/gcc/arm-none-eabi/10.3.1/thumb/v7e-m+fp/hard/libgcc.a(_aeabi_uldivmod.o)
                0x0000000008000270                __aeabi_uldivmod
 .text          0x00000000080002a0       0x28 /usr/share/gcc-arm-none-eabi-10.3-2021.07/bin/../lib/gcc/arm-none-eabi/10.3.1/thumb/v7e-m+fp/hard/libgcc.a(_fixsfdi.o)
                0x00000000080002a0                __aeabi_f2lz
                0x00000000080002a0                __fixsfdi
 .text          0x00000000080002c8       0x40 /usr/share/gcc-arm-none-eabi-10.3-2021.07/bin/../lib/gcc/arm-none-eabi/10.3.1/thumb/v7e-m+fp/hard/libgcc.a(_fixunssfdi.o)
                0x00000000080002c8                __aeabi_f2ulz
                0x00000000080002c8                __fixunssfdi
 .text          0x0000000008000308      0x2d0 /usr/share/gcc-arm-none-eabi-10.3-2021.07/bin/../lib/gcc/arm-none-eabi/10.3.1/thumb/v7e-m+fp/hard/libgcc.a(_udivmoddi4.o)
                0x0000000008000308                __udivmoddi4
 .text          0x00000000080005d8      0x254 /usr/share/gcc-arm-none-eabi-10.3-2021.07/bin/../lib/gcc/arm-none-eabi/10.3.1/thumb/v7e-m+fp/hard/libgcc.a(_arm_muldf3.o)
                0x00000000080005d8                __aeabi_dmul
                0x00000000080005d8                __muldf3
 .text          0x000000000800082c        0x4 /usr/share/gcc-arm-none-eabi-10.3-2021.07/bin/../lib/gcc/arm-none-eabi/10.3.1/thumb/v7e-m+fp/hard/libgcc.a(_dvmd_tls.o)
                0x000000000800082c                __aeabi_ldiv0
                0x000000000800082c                __aeabi_idiv0
 .text          0x0000000008000830      0x378 /usr/share/gcc-arm-none-eabi-10.3-2021.07/bin/../lib/gcc/arm-none-eabi/10.3.1/thumb/v7e-m+fp/hard/libgcc.a(_arm_addsubdf3.o)
                0x0000000008000830                __aeabi_drsub
                0x0000000008000838                __aeabi_dsub
                0x0000000008000838                __subdf3
                0x000000000800083c                __adddf3
                0x000000000800083c                __aeabi_dadd
                0x0000000008000ab4                __aeabi_ui2d
                0x0000000008000ab4                __floatunsidf
                0x0000000008000ad4                __floatsidf
                0x0000000008000ad4                __aeabi_i2d
                0x0000000008000af8                __extendsfdf2
                0x0000000008000af8                __aeabi_f2d
                0x0000000008000b3c                __aeabi_ul2d
                0x0000000008000b3c                __floatundidf
                0x0000000008000b4c                __floatdidf
                0x0000000008000b4c                __aeabi_l2d
 .text          0x0000000008000ba8       0x40 /usr/share/gcc-arm-none-eabi-10.3-2021.07/bin/../lib/gcc/arm-none-eabi/10.3.1/thumb/v7e-m+fp/hard/libgcc.a(_arm_fixunsdfsi.o)
                0x0000000008000ba8                __fixunsdfsi
                0x0000000008000ba8                __aeabi_d2uiz
 *(.text*)
 .text.HAL_TIM_PeriodElapsedCallback
                0x0000000008000be8       0x18 build/main.o
                0x0000000008000be8                HAL_TIM_PeriodElapsedCallback
 .text.Error_Handler
                0x0000000008000c00        0x4 build/main.o
                0x0000000008000c00                Error_Handler
 .text.SystemClock_Config
                0x0000000008000c04       0xa8 build/main.o
                0x0000000008000c04                SystemClock_Config
 .text.main     0x0000000008000cac       0x2c build/main.o
                0x0000000008000cac                main
 .text.MX_GPIO_Init
                0x0000000008000cd8       0x94 build/gpio.o
                0x0000000008000cd8                MX_GPIO_Init
 .text.NMI_Handler
                0x0000000008000d6c        0x2 build/stm32f4xx_it.o
                0x0000000008000d6c                NMI_Handler
 .text.HardFault_Handler
                0x0000000008000d6e        0x2 build/stm32f4xx_it.o
                0x0000000008000d6e                HardFault_Handler
 .text.MemManage_Handler
                0x0000000008000d70        0x2 build/stm32f4xx_it.o
                0x0000000008000d70                MemManage_Handler
 .text.BusFault_Handler
                0x0000000008000d72        0x2 build/stm32f4xx_it.o
                0x0000000008000d72                BusFault_Handler
 .text.UsageFault_Handler
                0x0000000008000d74        0x2 build/stm32f4xx_it.o
                0x0000000008000d74                UsageFault_Handler
 .text.DebugMon_Handler
                0x0000000008000d76        0x2 build/stm32f4xx_it.o
                0x0000000008000d76                DebugMon_Handler
 .text.TIM3_IRQHandler
                0x0000000008000d78       0x10 build/stm32f4xx_it.o
                0x0000000008000d78                TIM3_IRQHandler
 .text.OTG_FS_IRQHandler
                0x0000000008000d88       0x10 build/stm32f4xx_it.o
                0x0000000008000d88                OTG_FS_IRQHandler
 .text.HAL_MspInit
                0x0000000008000d98       0x44 build/stm32f4xx_hal_msp.o
                0x0000000008000d98                HAL_MspInit
 .text.TIM_OC1_SetConfig
                0x0000000008000ddc       0x68 build/stm32f4xx_hal_tim.o
 .text.TIM_OC3_SetConfig
                0x0000000008000e44       0x70 build/stm32f4xx_hal_tim.o
 .text.TIM_OC4_SetConfig
                0x0000000008000eb4       0x50 build/stm32f4xx_hal_tim.o
 .text.HAL_TIM_Base_MspInit
                0x0000000008000f04        0x2 build/stm32f4xx_hal_tim.o
                0x0000000008000f04                HAL_TIM_Base_MspInit
 *fill*         0x0000000008000f06        0x2 
 .text.HAL_TIM_Base_Start_IT
                0x0000000008000f08       0x88 build/stm32f4xx_hal_tim.o
                0x0000000008000f08                HAL_TIM_Base_Start_IT
 .text.HAL_TIM_OC_DelayElapsedCallback
                0x0000000008000f90        0x2 build/stm32f4xx_hal_tim.o
                0x0000000008000f90                HAL_TIM_OC_DelayElapsedCallback
 .text.HAL_TIM_IC_CaptureCallback
                0x0000000008000f92        0x2 build/stm32f4xx_hal_tim.o
                0x0000000008000f92                HAL_TIM_IC_CaptureCallback
 .text.HAL_TIM_PWM_PulseFinishedCallback
                0x0000000008000f94        0x2 build/stm32f4xx_hal_tim.o
                0x0000000008000f94                HAL_TIM_PWM_PulseFinishedCallback
 .text.HAL_TIM_TriggerCallback
                0x0000000008000f96        0x2 build/stm32f4xx_hal_tim.o
                0x0000000008000f96                HAL_TIM_TriggerCallback
 .text.HAL_TIM_IRQHandler
                0x0000000008000f98      0x17a build/stm32f4xx_hal_tim.o
                0x0000000008000f98                HAL_TIM_IRQHandler
 *fill*         0x0000000008001112        0x2 
 .text.TIM_Base_SetConfig
                0x0000000008001114       0xc8 build/stm32f4xx_hal_tim.o
                0x0000000008001114                TIM_Base_SetConfig
 .text.HAL_TIM_Base_Init
                0x00000000080011dc       0x58 build/stm32f4xx_hal_tim.o
                0x00000000080011dc                HAL_TIM_Base_Init
 .text.HAL_TIM_PWM_Init
                0x0000000008001234       0x58 build/stm32f4xx_hal_tim.o
                0x0000000008001234                HAL_TIM_PWM_Init
 .text.TIM_OC2_SetConfig
                0x000000000800128c       0x70 build/stm32f4xx_hal_tim.o
                0x000000000800128c                TIM_OC2_SetConfig
 .text.HAL_TIM_PWM_ConfigChannel
                0x00000000080012fc       0xdc build/stm32f4xx_hal_tim.o
                0x00000000080012fc                HAL_TIM_PWM_ConfigChannel
 .text.TIM_CCxChannelCmd
                0x00000000080013d8       0x1e build/stm32f4xx_hal_tim.o
                0x00000000080013d8                TIM_CCxChannelCmd
 *fill*         0x00000000080013f6        0x2 
 .text.HAL_TIM_PWM_Start
                0x00000000080013f8      0x104 build/stm32f4xx_hal_tim.o
                0x00000000080013f8                HAL_TIM_PWM_Start
 .text.HAL_TIMEx_MasterConfigSynchronization
                0x00000000080014fc       0x8c build/stm32f4xx_hal_tim_ex.o
                0x00000000080014fc                HAL_TIMEx_MasterConfigSynchronization
 .text.HAL_TIMEx_ConfigBreakDeadTime
                0x0000000008001588       0x52 build/stm32f4xx_hal_tim_ex.o
                0x0000000008001588                HAL_TIMEx_ConfigBreakDeadTime
 .text.HAL_TIMEx_CommutCallback
                0x00000000080015da        0x2 build/stm32f4xx_hal_tim_ex.o
                0x00000000080015da                HAL_TIMEx_CommutCallback
 .text.HAL_TIMEx_BreakCallback
                0x00000000080015dc        0x2 build/stm32f4xx_hal_tim_ex.o
                0x00000000080015dc                HAL_TIMEx_BreakCallback
 *fill*         0x00000000080015de        0x2 
 .text.HAL_RCC_OscConfig
                0x00000000080015e0      0x3f8 build/stm32f4xx_hal_rcc.o
                0x00000000080015e0                HAL_RCC_OscConfig
 .text.HAL_RCC_GetSysClockFreq
                0x00000000080019d8       0xd4 build/stm32f4xx_hal_rcc.o
                0x00000000080019d8                HAL_RCC_GetSysClockFreq
 .text.HAL_RCC_ClockConfig
                0x0000000008001aac      0x160 build/stm32f4xx_hal_rcc.o
                0x0000000008001aac                HAL_RCC_ClockConfig
 .text.HAL_RCC_GetHCLKFreq
                0x0000000008001c0c        0xc build/stm32f4xx_hal_rcc.o
                0x0000000008001c0c                HAL_RCC_GetHCLKFreq
 .text.HAL_RCC_GetPCLK1Freq
                0x0000000008001c18       0x20 build/stm32f4xx_hal_rcc.o
                0x0000000008001c18                HAL_RCC_GetPCLK1Freq
 .text.HAL_RCC_GetPCLK2Freq
                0x0000000008001c38       0x20 build/stm32f4xx_hal_rcc.o
                0x0000000008001c38                HAL_RCC_GetPCLK2Freq
 .text.HAL_RCC_GetClockConfig
                0x0000000008001c58       0x3c build/stm32f4xx_hal_rcc.o
                0x0000000008001c58                HAL_RCC_GetClockConfig
 .text.HAL_GPIO_Init
                0x0000000008001c94      0x1e4 build/stm32f4xx_hal_gpio.o
                0x0000000008001c94                HAL_GPIO_Init
 .text.HAL_GPIO_WritePin
                0x0000000008001e78        0xc build/stm32f4xx_hal_gpio.o
                0x0000000008001e78                HAL_GPIO_WritePin
 .text.HAL_GPIO_TogglePin
                0x0000000008001e84       0x12 build/stm32f4xx_hal_gpio.o
                0x0000000008001e84                HAL_GPIO_TogglePin
 *fill*         0x0000000008001e96        0x2 
 .text.HAL_NVIC_SetPriorityGrouping
                0x0000000008001e98       0x24 build/stm32f4xx_hal_cortex.o
                0x0000000008001e98                HAL_NVIC_SetPriorityGrouping
 .text.HAL_NVIC_SetPriority
                0x0000000008001ebc       0x70 build/stm32f4xx_hal_cortex.o
                0x0000000008001ebc                HAL_NVIC_SetPriority
 .text.HAL_NVIC_EnableIRQ
                0x0000000008001f2c       0x1c build/stm32f4xx_hal_cortex.o
                0x0000000008001f2c                HAL_NVIC_EnableIRQ
 .text.HAL_Init
                0x0000000008001f48       0x34 build/stm32f4xx_hal.o
                0x0000000008001f48                HAL_Init
 .text.HAL_IncTick
                0x0000000008001f7c       0x18 build/stm32f4xx_hal.o
                0x0000000008001f7c                HAL_IncTick
 .text.HAL_GetTick
                0x0000000008001f94        0xc build/stm32f4xx_hal.o
                0x0000000008001f94                HAL_GetTick
 .text.HAL_Delay
                0x0000000008001fa0       0x28 build/stm32f4xx_hal.o
                0x0000000008001fa0                HAL_Delay
 .text.SystemInit
                0x0000000008001fc8       0x14 build/system_stm32f4xx.o
                0x0000000008001fc8                SystemInit
 .text.HAL_TIM_PWM_MspInit
                0x0000000008001fdc       0x50 build/tim.o
                0x0000000008001fdc                HAL_TIM_PWM_MspInit
 .text.HAL_TIM_MspPostInit
                0x000000000800202c       0x94 build/tim.o
                0x000000000800202c                HAL_TIM_MspPostInit
 .text.MX_TIM1_Init
                0x00000000080020c0       0xf0 build/tim.o
                0x00000000080020c0                MX_TIM1_Init
 .text.MX_TIM2_Init
                0x00000000080021b0       0xb8 build/tim.o
                0x00000000080021b0                MX_TIM2_Init
 .text.MX_USB_DEVICE_Init
                0x0000000008002268       0x54 build/usb_device.o
                0x0000000008002268                MX_USB_DEVICE_Init
 .text.USBD_FS_DeviceDescriptor
                0x00000000080022bc        0xc build/usbd_desc.o
                0x00000000080022bc                USBD_FS_DeviceDescriptor
 .text.USBD_FS_LangIDStrDescriptor
                0x00000000080022c8        0xc build/usbd_desc.o
                0x00000000080022c8                USBD_FS_LangIDStrDescriptor
 .text.IntToUnicode
                0x00000000080022d4       0x46 build/usbd_desc.o
 *fill*         0x000000000800231a        0x2 
 .text.Get_SerialNum
                0x000000000800231c       0x38 build/usbd_desc.o
 .text.USBD_FS_SerialStrDescriptor
                0x0000000008002354       0x14 build/usbd_desc.o
                0x0000000008002354                USBD_FS_SerialStrDescriptor
 .text.USBD_FS_ProductStrDescriptor
                0x0000000008002368       0x24 build/usbd_desc.o
                0x0000000008002368                USBD_FS_ProductStrDescriptor
 .text.USBD_FS_ManufacturerStrDescriptor
                0x000000000800238c       0x1c build/usbd_desc.o
                0x000000000800238c                USBD_FS_ManufacturerStrDescriptor
 .text.USBD_FS_ConfigStrDescriptor
                0x00000000080023a8       0x24 build/usbd_desc.o
                0x00000000080023a8                USBD_FS_ConfigStrDescriptor
 .text.USBD_FS_InterfaceStrDescriptor
                0x00000000080023cc       0x24 build/usbd_desc.o
                0x00000000080023cc                USBD_FS_InterfaceStrDescriptor
 .text.CDC_DeInit_FS
                0x00000000080023f0        0x4 build/usbd_cdc_if.o
 .text.CDC_Control_FS
                0x00000000080023f4        0x4 build/usbd_cdc_if.o
 .text.CDC_TransmitCplt_FS
                0x00000000080023f8        0x4 build/usbd_cdc_if.o
 .text.CDC_Init_FS
                0x00000000080023fc       0x28 build/usbd_cdc_if.o
 .text.CDC_Receive_FS
                0x0000000008002424       0x4c build/usbd_cdc_if.o
 .text.HAL_PCD_MspInit
                0x0000000008002470       0x84 build/usbd_conf.o
                0x0000000008002470                HAL_PCD_MspInit
 .text.HAL_PCD_SetupStageCallback
                0x00000000080024f4       0x10 build/usbd_conf.o
                0x00000000080024f4                HAL_PCD_SetupStageCallback
 .text.HAL_PCD_DataOutStageCallback
                0x0000000008002504       0x18 build/usbd_conf.o
                0x0000000008002504                HAL_PCD_DataOutStageCallback
 .text.HAL_PCD_DataInStageCallback
                0x000000000800251c       0x16 build/usbd_conf.o
                0x000000000800251c                HAL_PCD_DataInStageCallback
 .text.HAL_PCD_SOFCallback
                0x0000000008002532        0xc build/usbd_conf.o
                0x0000000008002532                HAL_PCD_SOFCallback
 .text.HAL_PCD_ResetCallback
                0x000000000800253e       0x2c build/usbd_conf.o
                0x000000000800253e                HAL_PCD_ResetCallback
 *fill*         0x000000000800256a        0x2 
 .text.HAL_PCD_SuspendCallback
                0x000000000800256c       0x30 build/usbd_conf.o
                0x000000000800256c                HAL_PCD_SuspendCallback
 .text.HAL_PCD_ResumeCallback
                0x000000000800259c        0xc build/usbd_conf.o
                0x000000000800259c                HAL_PCD_ResumeCallback
 .text.HAL_PCD_ISOOUTIncompleteCallback
                0x00000000080025a8        0xc build/usbd_conf.o
                0x00000000080025a8                HAL_PCD_ISOOUTIncompleteCallback
 .text.HAL_PCD_ISOINIncompleteCallback
                0x00000000080025b4        0xc build/usbd_conf.o
                0x00000000080025b4                HAL_PCD_ISOINIncompleteCallback
 .text.HAL_PCD_ConnectCallback
                0x00000000080025c0        0xc build/usbd_conf.o
                0x00000000080025c0                HAL_PCD_ConnectCallback
 .text.HAL_PCD_DisconnectCallback
                0x00000000080025cc        0xc build/usbd_conf.o
                0x00000000080025cc                HAL_PCD_DisconnectCallback
 .text.USBD_LL_Init
                0x00000000080025d8       0x68 build/usbd_conf.o
                0x00000000080025d8                USBD_LL_Init
 .text.USBD_LL_IsStallEP
                0x0000000008002640       0x2e build/usbd_conf.o
                0x0000000008002640                USBD_LL_IsStallEP
 .text.USBD_LL_GetRxDataSize
                0x000000000800266e        0xc build/usbd_conf.o
                0x000000000800266e                USBD_LL_GetRxDataSize
 *fill*         0x000000000800267a        0x2 
 .text.USBD_static_malloc
                0x000000000800267c        0x8 build/usbd_conf.o
                0x000000000800267c                USBD_static_malloc
 .text.USBD_static_free
                0x0000000008002684        0x2 build/usbd_conf.o
                0x0000000008002684                USBD_static_free
 .text.USBD_Get_USB_Status
                0x0000000008002686       0x14 build/usbd_conf.o
                0x0000000008002686                USBD_Get_USB_Status
 .text.USBD_LL_Start
                0x000000000800269a       0x10 build/usbd_conf.o
                0x000000000800269a                USBD_LL_Start
 .text.USBD_LL_OpenEP
                0x00000000080026aa       0x16 build/usbd_conf.o
                0x00000000080026aa                USBD_LL_OpenEP
 .text.USBD_LL_CloseEP
                0x00000000080026c0       0x10 build/usbd_conf.o
                0x00000000080026c0                USBD_LL_CloseEP
 .text.USBD_LL_StallEP
                0x00000000080026d0       0x10 build/usbd_conf.o
                0x00000000080026d0                USBD_LL_StallEP
 .text.USBD_LL_ClearStallEP
                0x00000000080026e0       0x10 build/usbd_conf.o
                0x00000000080026e0                USBD_LL_ClearStallEP
 .text.USBD_LL_SetUSBAddress
                0x00000000080026f0       0x10 build/usbd_conf.o
                0x00000000080026f0                USBD_LL_SetUSBAddress
 .text.USBD_LL_Transmit
                0x0000000008002700       0x10 build/usbd_conf.o
                0x0000000008002700                USBD_LL_Transmit
 .text.USBD_LL_PrepareReceive
                0x0000000008002710       0x10 build/usbd_conf.o
                0x0000000008002710                USBD_LL_PrepareReceive
 .text.PCD_WriteEmptyTxFifo
                0x0000000008002720       0xd0 build/stm32f4xx_hal_pcd.o
 .text.HAL_PCD_Init
                0x00000000080027f0      0x12e build/stm32f4xx_hal_pcd.o
                0x00000000080027f0                HAL_PCD_Init
 .text.HAL_PCD_Start
                0x000000000800291e       0x42 build/stm32f4xx_hal_pcd.o
                0x000000000800291e                HAL_PCD_Start
 .text.PCD_EP_OutXfrComplete_int
                0x0000000008002960       0xf4 build/stm32f4xx_hal_pcd.o
 .text.PCD_EP_OutSetupPacket_int
                0x0000000008002a54       0x50 build/stm32f4xx_hal_pcd.o
 .text.HAL_PCD_IRQHandler
                0x0000000008002aa4      0x476 build/stm32f4xx_hal_pcd.o
                0x0000000008002aa4                HAL_PCD_IRQHandler
 .text.HAL_PCD_SetAddress
                0x0000000008002f1a       0x28 build/stm32f4xx_hal_pcd.o
                0x0000000008002f1a                HAL_PCD_SetAddress
 .text.HAL_PCD_EP_Open
                0x0000000008002f42       0x8a build/stm32f4xx_hal_pcd.o
                0x0000000008002f42                HAL_PCD_EP_Open
 .text.HAL_PCD_EP_Close
                0x0000000008002fcc       0x72 build/stm32f4xx_hal_pcd.o
                0x0000000008002fcc                HAL_PCD_EP_Close
 .text.HAL_PCD_EP_Receive
                0x000000000800303e       0x5e build/stm32f4xx_hal_pcd.o
                0x000000000800303e                HAL_PCD_EP_Receive
 .text.HAL_PCD_EP_GetRxCount
                0x000000000800309c       0x12 build/stm32f4xx_hal_pcd.o
                0x000000000800309c                HAL_PCD_EP_GetRxCount
 .text.HAL_PCD_EP_Transmit
                0x00000000080030ae       0x5e build/stm32f4xx_hal_pcd.o
                0x00000000080030ae                HAL_PCD_EP_Transmit
 .text.HAL_PCD_EP_SetStall
                0x000000000800310c       0x88 build/stm32f4xx_hal_pcd.o
                0x000000000800310c                HAL_PCD_EP_SetStall
 .text.HAL_PCD_EP_ClrStall
                0x0000000008003194       0x76 build/stm32f4xx_hal_pcd.o
                0x0000000008003194                HAL_PCD_EP_ClrStall
 .text.HAL_PCDEx_SetTxFiFo
                0x000000000800320a       0x4c build/stm32f4xx_hal_pcd_ex.o
                0x000000000800320a                HAL_PCDEx_SetTxFiFo
 .text.HAL_PCDEx_SetRxFiFo
                0x0000000008003256        0x8 build/stm32f4xx_hal_pcd_ex.o
                0x0000000008003256                HAL_PCDEx_SetRxFiFo
 .text.HAL_PCDEx_LPM_Callback
                0x000000000800325e        0x2 build/stm32f4xx_hal_pcd_ex.o
                0x000000000800325e                HAL_PCDEx_LPM_Callback
 .text.USB_CoreReset
                0x0000000008003260       0x4c build/stm32f4xx_ll_usb.o
 .text.USB_CoreInit
                0x00000000080032ac       0x8a build/stm32f4xx_ll_usb.o
                0x00000000080032ac                USB_CoreInit
 *fill*         0x0000000008003336        0x2 
 .text.USB_SetTurnaroundTime
                0x0000000008003338       0xe4 build/stm32f4xx_ll_usb.o
                0x0000000008003338                USB_SetTurnaroundTime
 .text.USB_EnableGlobalInt
                0x000000000800341c        0xc build/stm32f4xx_ll_usb.o
                0x000000000800341c                USB_EnableGlobalInt
 .text.USB_DisableGlobalInt
                0x0000000008003428        0xc build/stm32f4xx_ll_usb.o
                0x0000000008003428                USB_DisableGlobalInt
 .text.USB_FlushTxFifo
                0x0000000008003434       0x30 build/stm32f4xx_ll_usb.o
                0x0000000008003434                USB_FlushTxFifo
 .text.USB_FlushRxFifo
                0x0000000008003464       0x2c build/stm32f4xx_ll_usb.o
                0x0000000008003464                USB_FlushRxFifo
 .text.USB_SetDevSpeed
                0x0000000008003490        0xe build/stm32f4xx_ll_usb.o
                0x0000000008003490                USB_SetDevSpeed
 *fill*         0x000000000800349e        0x2 
 .text.USB_DevInit
                0x00000000080034a0      0x190 build/stm32f4xx_ll_usb.o
                0x00000000080034a0                USB_DevInit
 .text.USB_GetDevSpeed
                0x0000000008003630       0x22 build/stm32f4xx_ll_usb.o
                0x0000000008003630                USB_GetDevSpeed
 .text.USB_ActivateEndpoint
                0x0000000008003652       0x9c build/stm32f4xx_ll_usb.o
                0x0000000008003652                USB_ActivateEndpoint
 *fill*         0x00000000080036ee        0x2 
 .text.USB_DeactivateEndpoint
                0x00000000080036f0       0xe0 build/stm32f4xx_ll_usb.o
                0x00000000080036f0                USB_DeactivateEndpoint
 .text.USB_EP0StartXfer
                0x00000000080037d0      0x120 build/stm32f4xx_ll_usb.o
                0x00000000080037d0                USB_EP0StartXfer
 .text.USB_WritePacket
                0x00000000080038f0       0x2e build/stm32f4xx_ll_usb.o
                0x00000000080038f0                USB_WritePacket
 *fill*         0x000000000800391e        0x2 
 .text.USB_EPStartXfer
                0x0000000008003920      0x238 build/stm32f4xx_ll_usb.o
                0x0000000008003920                USB_EPStartXfer
 .text.USB_ReadPacket
                0x0000000008003b58       0x54 build/stm32f4xx_ll_usb.o
                0x0000000008003b58                USB_ReadPacket
 .text.USB_EPSetStall
                0x0000000008003bac       0x5a build/stm32f4xx_ll_usb.o
                0x0000000008003bac                USB_EPSetStall
 .text.USB_EPClearStall
                0x0000000008003c06       0x5c build/stm32f4xx_ll_usb.o
                0x0000000008003c06                USB_EPClearStall
 .text.USB_SetDevAddress
                0x0000000008003c62       0x20 build/stm32f4xx_ll_usb.o
                0x0000000008003c62                USB_SetDevAddress
 .text.USB_DevConnect
                0x0000000008003c82       0x1c build/stm32f4xx_ll_usb.o
                0x0000000008003c82                USB_DevConnect
 .text.USB_DevDisconnect
                0x0000000008003c9e       0x1c build/stm32f4xx_ll_usb.o
                0x0000000008003c9e                USB_DevDisconnect
 .text.USB_ReadInterrupts
                0x0000000008003cba        0x8 build/stm32f4xx_ll_usb.o
                0x0000000008003cba                USB_ReadInterrupts
 .text.USB_ReadDevAllOutEpInterrupt
                0x0000000008003cc2       0x10 build/stm32f4xx_ll_usb.o
                0x0000000008003cc2                USB_ReadDevAllOutEpInterrupt
 .text.USB_ReadDevAllInEpInterrupt
                0x0000000008003cd2       0x10 build/stm32f4xx_ll_usb.o
                0x0000000008003cd2                USB_ReadDevAllInEpInterrupt
 .text.USB_ReadDevOutEPInterrupt
                0x0000000008003ce2       0x12 build/stm32f4xx_ll_usb.o
                0x0000000008003ce2                USB_ReadDevOutEPInterrupt
 .text.USB_ReadDevInEPInterrupt
                0x0000000008003cf4       0x28 build/stm32f4xx_ll_usb.o
                0x0000000008003cf4                USB_ReadDevInEPInterrupt
 .text.USB_GetMode
                0x0000000008003d1c        0x8 build/stm32f4xx_ll_usb.o
                0x0000000008003d1c                USB_GetMode
 .text.USB_SetCurrentMode
                0x0000000008003d24       0x62 build/stm32f4xx_ll_usb.o
                0x0000000008003d24                USB_SetCurrentMode
 .text.USB_ActivateSetup
                0x0000000008003d86       0x20 build/stm32f4xx_ll_usb.o
                0x0000000008003d86                USB_ActivateSetup
 *fill*         0x0000000008003da6        0x2 
 .text.USB_EP0_OutStart
                0x0000000008003da8       0x60 build/stm32f4xx_ll_usb.o
                0x0000000008003da8                USB_EP0_OutStart
 .text.USBD_Init
                0x0000000008003e08       0x2e build/usbd_core.o
                0x0000000008003e08                USBD_Init
 .text.USBD_RegisterClass
                0x0000000008003e36       0x2e build/usbd_core.o
                0x0000000008003e36                USBD_RegisterClass
 .text.USBD_Start
                0x0000000008003e64        0x8 build/usbd_core.o
                0x0000000008003e64                USBD_Start
 .text.USBD_SetClassConfig
                0x0000000008003e6c       0x12 build/usbd_core.o
                0x0000000008003e6c                USBD_SetClassConfig
 .text.USBD_ClrClassConfig
                0x0000000008003e7e       0x10 build/usbd_core.o
                0x0000000008003e7e                USBD_ClrClassConfig
 .text.USBD_LL_SetupStage
                0x0000000008003e8e       0x58 build/usbd_core.o
                0x0000000008003e8e                USBD_LL_SetupStage
 .text.USBD_LL_DataOutStage
                0x0000000008003ee6       0x78 build/usbd_core.o
                0x0000000008003ee6                USBD_LL_DataOutStage
 .text.USBD_LL_DataInStage
                0x0000000008003f5e       0xbe build/usbd_core.o
                0x0000000008003f5e                USBD_LL_DataInStage
 .text.USBD_LL_Reset
                0x000000000800401c       0x5a build/usbd_core.o
                0x000000000800401c                USBD_LL_Reset
 .text.USBD_LL_SetSpeed
                0x0000000008004076        0x6 build/usbd_core.o
                0x0000000008004076                USBD_LL_SetSpeed
 .text.USBD_LL_Suspend
                0x000000000800407c       0x14 build/usbd_core.o
                0x000000000800407c                USBD_LL_Suspend
 .text.USBD_LL_Resume
                0x0000000008004090       0x1a build/usbd_core.o
                0x0000000008004090                USBD_LL_Resume
 .text.USBD_LL_SOF
                0x00000000080040aa       0x28 build/usbd_core.o
                0x00000000080040aa                USBD_LL_SOF
 .text.USBD_LL_IsoINIncomplete
                0x00000000080040d2       0x28 build/usbd_core.o
                0x00000000080040d2                USBD_LL_IsoINIncomplete
 .text.USBD_LL_IsoOUTIncomplete
                0x00000000080040fa       0x28 build/usbd_core.o
                0x00000000080040fa                USBD_LL_IsoOUTIncomplete
 .text.USBD_LL_DevConnected
                0x0000000008004122        0x4 build/usbd_core.o
                0x0000000008004122                USBD_LL_DevConnected
 .text.USBD_LL_DevDisconnected
                0x0000000008004126       0x18 build/usbd_core.o
                0x0000000008004126                USBD_LL_DevDisconnected
 .text.USBD_GetLen
                0x000000000800413e       0x14 build/usbd_ctlreq.o
 .text.USBD_SetFeature
                0x0000000008004152       0x14 build/usbd_ctlreq.o
 .text.USBD_ParseSetupRequest
                0x0000000008004166       0x28 build/usbd_ctlreq.o
                0x0000000008004166                USBD_ParseSetupRequest
 .text.USBD_CtlError
                0x000000000800418e       0x14 build/usbd_ctlreq.o
                0x000000000800418e                USBD_CtlError
 .text.USBD_GetDescriptor
                0x00000000080041a2      0x18a build/usbd_ctlreq.o
 .text.USBD_SetAddress
                0x000000000800432c       0x50 build/usbd_ctlreq.o
 .text.USBD_SetConfig
                0x000000000800437c       0xc8 build/usbd_ctlreq.o
 .text.USBD_GetConfig
                0x0000000008004444       0x40 build/usbd_ctlreq.o
 .text.USBD_GetStatus
                0x0000000008004484       0x38 build/usbd_ctlreq.o
 .text.USBD_ClrFeature
                0x00000000080044bc       0x26 build/usbd_ctlreq.o
 .text.USBD_StdDevReq
                0x00000000080044e2       0x70 build/usbd_ctlreq.o
                0x00000000080044e2                USBD_StdDevReq
 .text.USBD_StdItfReq
                0x0000000008004552       0x68 build/usbd_ctlreq.o
                0x0000000008004552                USBD_StdItfReq
 .text.USBD_StdEPReq
                0x00000000080045ba      0x1ec build/usbd_ctlreq.o
                0x00000000080045ba                USBD_StdEPReq
 .text.USBD_GetString
                0x00000000080047a6       0x3a build/usbd_ctlreq.o
                0x00000000080047a6                USBD_GetString
 .text.USBD_CtlSendData
                0x00000000080047e0       0x1a build/usbd_ioreq.o
                0x00000000080047e0                USBD_CtlSendData
 .text.USBD_CtlContinueSendData
                0x00000000080047fa       0x10 build/usbd_ioreq.o
                0x00000000080047fa                USBD_CtlContinueSendData
 .text.USBD_CtlPrepareRx
                0x000000000800480a       0x1e build/usbd_ioreq.o
                0x000000000800480a                USBD_CtlPrepareRx
 .text.USBD_CtlContinueRx
                0x0000000008004828       0x10 build/usbd_ioreq.o
                0x0000000008004828                USBD_CtlContinueRx
 .text.USBD_CtlSendStatus
                0x0000000008004838       0x16 build/usbd_ioreq.o
                0x0000000008004838                USBD_CtlSendStatus
 .text.USBD_CtlReceiveStatus
                0x000000000800484e       0x16 build/usbd_ioreq.o
                0x000000000800484e                USBD_CtlReceiveStatus
 .text.USBD_CDC_EP0_RxReady
                0x0000000008004864       0x36 build/usbd_cdc.o
 *fill*         0x000000000800489a        0x2 
 .text.USBD_CDC_GetFSCfgDesc
                0x000000000800489c        0xc build/usbd_cdc.o
 .text.USBD_CDC_GetHSCfgDesc
                0x00000000080048a8        0xc build/usbd_cdc.o
 .text.USBD_CDC_GetOtherSpeedCfgDesc
                0x00000000080048b4        0xc build/usbd_cdc.o
 .text.USBD_CDC_GetDeviceQualifierDescriptor
                0x00000000080048c0        0xc build/usbd_cdc.o
                0x00000000080048c0                USBD_CDC_GetDeviceQualifierDescriptor
 .text.USBD_CDC_DataOut
                0x00000000080048cc       0x2a build/usbd_cdc.o
 .text.USBD_CDC_DataIn
                0x00000000080048f6       0x6a build/usbd_cdc.o
 .text.USBD_CDC_Setup
                0x0000000008004960       0xf4 build/usbd_cdc.o
 .text.USBD_CDC_DeInit
                0x0000000008004a54       0x48 build/usbd_cdc.o
 .text.USBD_CDC_Init
                0x0000000008004a9c       0xc2 build/usbd_cdc.o
 .text.USBD_CDC_RegisterInterface
                0x0000000008004b5e        0xe build/usbd_cdc.o
                0x0000000008004b5e                USBD_CDC_RegisterInterface
 .text.USBD_CDC_SetTxBuffer
                0x0000000008004b6c       0x16 build/usbd_cdc.o
                0x0000000008004b6c                USBD_CDC_SetTxBuffer
 .text.USBD_CDC_SetRxBuffer
                0x0000000008004b82       0x12 build/usbd_cdc.o
                0x0000000008004b82                USBD_CDC_SetRxBuffer
 .text.USBD_CDC_TransmitPacket
                0x0000000008004b94       0x34 build/usbd_cdc.o
                0x0000000008004b94                USBD_CDC_TransmitPacket
 .text.USBD_CDC_ReceivePacket
                0x0000000008004bc8       0x32 build/usbd_cdc.o
                0x0000000008004bc8                USBD_CDC_ReceivePacket
 *fill*         0x0000000008004bfa        0x2 
 .text.MX_USART2_UART_Init
                0x0000000008004bfc       0x34 build/usart.o
                0x0000000008004bfc                MX_USART2_UART_Init
 .text.HAL_UART_MspInit
                0x0000000008004c30       0x70 build/usart.o
                0x0000000008004c30                HAL_UART_MspInit
 .text.UART_SetConfig
                0x0000000008004ca0      0x110 build/stm32f4xx_hal_uart.o
 .text.UART_WaitOnFlagUntilTimeout
                0x0000000008004db0       0x88 build/stm32f4xx_hal_uart.o
 .text.HAL_UART_Init
                0x0000000008004e38       0x5e build/stm32f4xx_hal_uart.o
                0x0000000008004e38                HAL_UART_Init
 .text.HAL_UART_Transmit
                0x0000000008004e96       0xd8 build/stm32f4xx_hal_uart.o
                0x0000000008004e96                HAL_UART_Transmit
 *fill*         0x0000000008004f6e        0x2 
 .text.StartDefaultTask
                0x0000000008004f70       0x40 build/freertos.o
                0x0000000008004f70                StartDefaultTask
 .text.MX_FREERTOS_Init
                0x0000000008004fb0       0x24 build/freertos.o
                0x0000000008004fb0                MX_FREERTOS_Init
 .text.HAL_InitTick
                0x0000000008004fd4       0x7c build/stm32f4xx_hal_timebase_tim.o
                0x0000000008004fd4                HAL_InitTick
 .text.vListInitialise
                0x0000000008005050       0x16 build/list.o
                0x0000000008005050                vListInitialise
 .text.vListInitialiseItem
                0x0000000008005066        0x6 build/list.o
                0x0000000008005066                vListInitialiseItem
 .text.vListInsertEnd
                0x000000000800506c       0x16 build/list.o
                0x000000000800506c                vListInsertEnd
 .text.vListInsert
                0x0000000008005082       0x32 build/list.o
                0x0000000008005082                vListInsert
 .text.uxListRemove
                0x00000000080050b4       0x26 build/list.o
                0x00000000080050b4                uxListRemove
 .text.prvIsQueueFull
                0x00000000080050da       0x1e build/queue.o
 .text.prvIsQueueEmpty
                0x00000000080050f8       0x1a build/queue.o
 .text.prvCopyDataToQueue
                0x0000000008005112       0x76 build/queue.o
 .text.prvCopyDataFromQueue
                0x0000000008005188       0x24 build/queue.o
 .text.prvUnlockQueue
                0x00000000080051ac       0x6e build/queue.o
 .text.xQueueGenericReset
                0x000000000800521a       0x84 build/queue.o
                0x000000000800521a                xQueueGenericReset
 .text.prvInitialiseNewQueue
                0x000000000800529e       0x22 build/queue.o
 .text.xQueueGenericCreateStatic
                0x00000000080052c0       0x94 build/queue.o
                0x00000000080052c0                xQueueGenericCreateStatic
 .text.xQueueGenericCreate
                0x0000000008005354       0x48 build/queue.o
                0x0000000008005354                xQueueGenericCreate
 .text.xQueueCreateCountingSemaphoreStatic
                0x000000000800539c       0x46 build/queue.o
                0x000000000800539c                xQueueCreateCountingSemaphoreStatic
 .text.xQueueCreateCountingSemaphore
                0x00000000080053e2       0x3c build/queue.o
                0x00000000080053e2                xQueueCreateCountingSemaphore
 .text.xQueueGenericSend
                0x000000000800541e      0x188 build/queue.o
                0x000000000800541e                xQueueGenericSend
 .text.xQueueGenericSendFromISR
                0x00000000080055a6       0xce build/queue.o
                0x00000000080055a6                xQueueGenericSendFromISR
 .text.xQueueGiveFromISR
                0x0000000008005674       0xb2 build/queue.o
                0x0000000008005674                xQueueGiveFromISR
 .text.xQueueReceive
                0x0000000008005726      0x15e build/queue.o
                0x0000000008005726                xQueueReceive
 .text.vQueueAddToRegistry
                0x0000000008005884       0x28 build/queue.o
                0x0000000008005884                vQueueAddToRegistry
 .text.vQueueUnregisterQueue
                0x00000000080058ac       0x2c build/queue.o
                0x00000000080058ac                vQueueUnregisterQueue
 .text.vQueueDelete
                0x00000000080058d8       0x2c build/queue.o
                0x00000000080058d8                vQueueDelete
 .text.vQueueWaitForMessageRestricted
                0x0000000008005904       0x52 build/queue.o
                0x0000000008005904                vQueueWaitForMessageRestricted
 *fill*         0x0000000008005956        0x2 
 .text.prvResetNextTaskUnblockTime
                0x0000000008005958       0x2c build/tasks.o
 .text.prvInitialiseNewTask
                0x0000000008005984       0xa6 build/tasks.o
 *fill*         0x0000000008005a2a        0x2 
 .text.prvInitialiseTaskLists
                0x0000000008005a2c       0x68 build/tasks.o
 .text.prvAddNewTaskToReadyList
                0x0000000008005a94       0xac build/tasks.o
 .text.prvDeleteTCB
                0x0000000008005b40       0x38 build/tasks.o
 .text.prvCheckTasksWaitingTermination
                0x0000000008005b78       0x4c build/tasks.o
 .text.prvIdleTask
                0x0000000008005bc4       0x28 build/tasks.o
 .text.prvAddCurrentTaskToDelayedList
                0x0000000008005bec       0x7c build/tasks.o
 .text.xTaskCreateStatic
                0x0000000008005c68       0x76 build/tasks.o
                0x0000000008005c68                xTaskCreateStatic
 .text.xTaskCreate
                0x0000000008005cde       0x68 build/tasks.o
                0x0000000008005cde                xTaskCreate
 *fill*         0x0000000008005d46        0x2 
 .text.vTaskStartScheduler
                0x0000000008005d48       0x9c build/tasks.o
                0x0000000008005d48                vTaskStartScheduler
 .text.vTaskSuspendAll
                0x0000000008005de4       0x10 build/tasks.o
                0x0000000008005de4                vTaskSuspendAll
 .text.xTaskGetTickCount
                0x0000000008005df4        0xc build/tasks.o
                0x0000000008005df4                xTaskGetTickCount
 .text.xTaskIncrementTick
                0x0000000008005e00      0x118 build/tasks.o
                0x0000000008005e00                xTaskIncrementTick
 .text.xTaskResumeAll
                0x0000000008005f18       0xf8 build/tasks.o
                0x0000000008005f18                xTaskResumeAll
 .text.vTaskDelay
                0x0000000008006010       0x4c build/tasks.o
                0x0000000008006010                vTaskDelay
 .text.vTaskSwitchContext
                0x000000000800605c       0x94 build/tasks.o
                0x000000000800605c                vTaskSwitchContext
 .text.vTaskPlaceOnEventList
                0x00000000080060f0       0x30 build/tasks.o
                0x00000000080060f0                vTaskPlaceOnEventList
 .text.vTaskPlaceOnEventListRestricted
                0x0000000008006120       0x38 build/tasks.o
                0x0000000008006120                vTaskPlaceOnEventListRestricted
 .text.xTaskRemoveFromEventList
                0x0000000008006158       0x8c build/tasks.o
                0x0000000008006158                xTaskRemoveFromEventList
 .text.vTaskInternalSetTimeOutState
                0x00000000080061e4       0x18 build/tasks.o
                0x00000000080061e4                vTaskInternalSetTimeOutState
 .text.xTaskCheckForTimeOut
                0x00000000080061fc       0x84 build/tasks.o
                0x00000000080061fc                xTaskCheckForTimeOut
 .text.vTaskMissedYield
                0x0000000008006280        0xc build/tasks.o
                0x0000000008006280                vTaskMissedYield
 .text.xTaskGetSchedulerState
                0x000000000800628c       0x20 build/tasks.o
                0x000000000800628c                xTaskGetSchedulerState
 .text.xTaskPriorityDisinherit
                0x00000000080062ac       0x90 build/tasks.o
                0x00000000080062ac                xTaskPriorityDisinherit
 .text.prvGetNextExpireTime
                0x000000000800633c       0x20 build/timers.o
 .text.prvInsertTimerInActiveList
                0x000000000800635c       0x48 build/timers.o
 .text.prvCheckForValidListAndQueue
                0x00000000080063a4       0x70 build/timers.o
 .text.xTimerCreateTimerTask
                0x0000000008006414       0x64 build/timers.o
                0x0000000008006414                xTimerCreateTimerTask
 .text.xTimerGenericCommand
                0x0000000008006478       0x6c build/timers.o
                0x0000000008006478                xTimerGenericCommand
 .text.prvSwitchTimerLists
                0x00000000080064e4       0x7c build/timers.o
 .text.prvSampleTimeNow
                0x0000000008006560       0x2c build/timers.o
 .text.prvProcessExpiredTimer
                0x000000000800658c       0x6c build/timers.o
 .text.prvProcessTimerOrBlockTask
                0x00000000080065f8       0x74 build/timers.o
 .text.prvProcessReceivedCommands
                0x000000000800666c      0x10c build/timers.o
 .text.prvTimerTask
                0x0000000008006778       0x16 build/timers.o
 .text.SysTick_Handler
                0x000000000800678e       0x18 build/cmsis_os2.o
                0x000000000800678e                SysTick_Handler
 *fill*         0x00000000080067a6        0x2 
 .text.osKernelInitialize
                0x00000000080067a8       0x24 build/cmsis_os2.o
                0x00000000080067a8                osKernelInitialize
 .text.osKernelStart
                0x00000000080067cc       0x38 build/cmsis_os2.o
                0x00000000080067cc                osKernelStart
 .text.osThreadNew
                0x0000000008006804       0xbc build/cmsis_os2.o
                0x0000000008006804                osThreadNew
 .text.osDelay  0x00000000080068c0       0x1c build/cmsis_os2.o
                0x00000000080068c0                osDelay
 .text.osSemaphoreNew
                0x00000000080068dc       0xb4 build/cmsis_os2.o
                0x00000000080068dc                osSemaphoreNew
 .text.osSemaphoreRelease
                0x0000000008006990       0x5e build/cmsis_os2.o
                0x0000000008006990                osSemaphoreRelease
 .text.osMessageQueuePut
                0x00000000080069ee       0x84 build/cmsis_os2.o
                0x00000000080069ee                osMessageQueuePut
 *fill*         0x0000000008006a72        0x2 
 .text.prvHeapInit
                0x0000000008006a74       0x64 build/heap_4.o
 .text.prvInsertBlockIntoFreeList
                0x0000000008006ad8       0x64 build/heap_4.o
 .text.pvPortMalloc
                0x0000000008006b3c       0xfc build/heap_4.o
                0x0000000008006b3c                pvPortMalloc
 .text.vPortFree
                0x0000000008006c38       0x7c build/heap_4.o
                0x0000000008006c38                vPortFree
 .text.xPortGetFreeHeapSize
                0x0000000008006cb4        0xc build/heap_4.o
                0x0000000008006cb4                xPortGetFreeHeapSize
 .text.prvTaskExitError
                0x0000000008006cc0       0x40 build/port.o
 .text.prvPortStartFirstTask
                0x0000000008006d00       0x28 build/port.o
 .text.vPortEnableVFP
                0x0000000008006d28       0x14 build/port.o
 .text.pxPortInitialiseStack
                0x0000000008006d3c       0x2c build/port.o
                0x0000000008006d3c                pxPortInitialiseStack
 *fill*         0x0000000008006d68        0x8 
 .text.SVC_Handler
                0x0000000008006d70       0x24 build/port.o
                0x0000000008006d70                SVC_Handler
 .text.vPortEnterCritical
                0x0000000008006d94       0x44 build/port.o
                0x0000000008006d94                vPortEnterCritical
 .text.vPortExitCritical
                0x0000000008006dd8       0x2c build/port.o
                0x0000000008006dd8                vPortExitCritical
 *fill*         0x0000000008006e04        0xc 
 .text.PendSV_Handler
                0x0000000008006e10       0x64 build/port.o
                0x0000000008006e10                PendSV_Handler
 .text.xPortSysTickHandler
                0x0000000008006e74       0x2c build/port.o
                0x0000000008006e74                xPortSysTickHandler
 .text.vPortSetupTimerInterrupt
                0x0000000008006ea0       0x28 build/port.o
                0x0000000008006ea0                vPortSetupTimerInterrupt
 .text.xPortStartScheduler
                0x0000000008006ec8      0x118 build/port.o
                0x0000000008006ec8                xPortStartScheduler
 .text.vPortValidateInterruptPriority
                0x0000000008006fe0       0x5c build/port.o
                0x0000000008006fe0                vPortValidateInterruptPriority
 .text.motorInit
                0x000000000800703c       0x2c build/car_driver.o
                0x000000000800703c                motorInit
 .text._UART_Init
                0x0000000008007068        0x2 build/_usart.o
                0x0000000008007068                _UART_Init
 *fill*         0x000000000800706a        0x2 
 .text.getIntLen
                0x000000000800706c       0x20 build/debug.o
 .text.itoa10Unsigned
                0x000000000800708c       0x98 build/debug.o
 .text.itoa10   0x0000000008007124       0x5a build/debug.o
 *fill*         0x000000000800717e        0x2 
 .text.itoa16   0x0000000008007180       0x84 build/debug.o
 .text.handleLongLong
                0x0000000008007204       0x5e build/debug.o
 .text.handleLong
                0x0000000008007262       0x62 build/debug.o
 .text.debugUartPutchar
                0x00000000080072c4       0x20 build/debug.o
                0x00000000080072c4                debugUartPutchar
 .text.power    0x00000000080072e4       0x12 build/debug.o
                0x00000000080072e4                power
 *fill*         0x00000000080072f6        0x2 
 .text.evprintf
                0x00000000080072f8      0x268 build/debug.o
                0x00000000080072f8                evprintf
 .text.eprintf  0x0000000008007560       0x1c build/debug.o
                0x0000000008007560                eprintf
 .text.systemTest
                0x000000000800757c        0xc build/system.o
 .text.systemInit
                0x0000000008007588       0x58 build/system.o
 .text.systemLaunch
                0x00000000080075e0       0x40 build/system.o
                0x00000000080075e0                systemLaunch
 .text.systemStart
                0x0000000008007620       0x10 build/system.o
                0x0000000008007620                systemStart
 .text.systemTask
                0x0000000008007630       0x48 build/system.o
 .text.vApplicationGetIdleTaskMemory
                0x0000000008007678       0x14 build/static_mem.o
                0x0000000008007678                vApplicationGetIdleTaskMemory
 .text.vApplicationGetTimerTaskMemory
                0x000000000800768c       0x20 build/static_mem.o
                0x000000000800768c                vApplicationGetTimerTaskMemory
 .text.getOsThreadAttr_t
                0x00000000080076ac       0x34 build/static_mem.o
                0x00000000080076ac                getOsThreadAttr_t
 .text.getOsSemaphoreAttr_t
                0x00000000080076e0       0x20 build/static_mem.o
                0x00000000080076e0                getOsSemaphoreAttr_t
 .text.usblinkMessagePut
                0x0000000008007700       0x18 build/usblink.o
                0x0000000008007700                usblinkMessagePut
 .text.Reset_Handler
                0x0000000008007718       0x50 build/startup_stm32f407xx.o
                0x0000000008007718                Reset_Handler
 .text.Default_Handler
                0x0000000008007768        0x2 build/startup_stm32f407xx.o
                0x0000000008007768                RTC_Alarm_IRQHandler
                0x0000000008007768                HASH_RNG_IRQHandler
                0x0000000008007768                EXTI2_IRQHandler
                0x0000000008007768                TIM8_CC_IRQHandler
                0x0000000008007768                TIM1_CC_IRQHandler
                0x0000000008007768                DMA2_Stream5_IRQHandler
                0x0000000008007768                DMA1_Stream5_IRQHandler
                0x0000000008007768                PVD_IRQHandler
                0x0000000008007768                SDIO_IRQHandler
                0x0000000008007768                TAMP_STAMP_IRQHandler
                0x0000000008007768                CAN2_RX1_IRQHandler
                0x0000000008007768                EXTI3_IRQHandler
                0x0000000008007768                TIM8_TRG_COM_TIM14_IRQHandler
                0x0000000008007768                TIM1_UP_TIM10_IRQHandler
                0x0000000008007768                TIM8_UP_TIM13_IRQHandler
                0x0000000008007768                I2C3_ER_IRQHandler
                0x0000000008007768                EXTI0_IRQHandler
                0x0000000008007768                I2C2_EV_IRQHandler
                0x0000000008007768                DMA1_Stream2_IRQHandler
                0x0000000008007768                CAN1_RX0_IRQHandler
                0x0000000008007768                FPU_IRQHandler
                0x0000000008007768                OTG_HS_WKUP_IRQHandler
                0x0000000008007768                CAN2_SCE_IRQHandler
                0x0000000008007768                DMA2_Stream2_IRQHandler
                0x0000000008007768                SPI1_IRQHandler
                0x0000000008007768                TIM6_DAC_IRQHandler
                0x0000000008007768                TIM1_BRK_TIM9_IRQHandler
                0x0000000008007768                DCMI_IRQHandler
                0x0000000008007768                CAN2_RX0_IRQHandler
                0x0000000008007768                DMA2_Stream3_IRQHandler
                0x0000000008007768                USART6_IRQHandler
                0x0000000008007768                USART3_IRQHandler
                0x0000000008007768                CAN1_RX1_IRQHandler
                0x0000000008007768                UART5_IRQHandler
                0x0000000008007768                DMA2_Stream0_IRQHandler
                0x0000000008007768                TIM4_IRQHandler
                0x0000000008007768                I2C1_EV_IRQHandler
                0x0000000008007768                DMA1_Stream6_IRQHandler
                0x0000000008007768                DMA1_Stream1_IRQHandler
                0x0000000008007768                UART4_IRQHandler
                0x0000000008007768                RCC_IRQHandler
                0x0000000008007768                TIM8_BRK_TIM12_IRQHandler
                0x0000000008007768                Default_Handler
                0x0000000008007768                EXTI15_10_IRQHandler
                0x0000000008007768                ADC_IRQHandler
                0x0000000008007768                DMA1_Stream7_IRQHandler
                0x0000000008007768                TIM7_IRQHandler
                0x0000000008007768                CAN2_TX_IRQHandler
                0x0000000008007768                TIM5_IRQHandler
                0x0000000008007768                DMA2_Stream7_IRQHandler
                0x0000000008007768                I2C3_EV_IRQHandler
                0x0000000008007768                EXTI9_5_IRQHandler
                0x0000000008007768                RTC_WKUP_IRQHandler
                0x0000000008007768                ETH_WKUP_IRQHandler
                0x0000000008007768                SPI2_IRQHandler
                0x0000000008007768                OTG_HS_EP1_IN_IRQHandler
                0x0000000008007768                DMA1_Stream0_IRQHandler
                0x0000000008007768                CAN1_TX_IRQHandler
                0x0000000008007768                EXTI4_IRQHandler
                0x0000000008007768                FSMC_IRQHandler
                0x0000000008007768                ETH_IRQHandler
                0x0000000008007768                OTG_HS_EP1_OUT_IRQHandler
                0x0000000008007768                WWDG_IRQHandler
                0x0000000008007768                TIM2_IRQHandler
                0x0000000008007768                OTG_FS_WKUP_IRQHandler
                0x0000000008007768                TIM1_TRG_COM_TIM11_IRQHandler
                0x0000000008007768                OTG_HS_IRQHandler
                0x0000000008007768                EXTI1_IRQHandler
                0x0000000008007768                USART2_IRQHandler
                0x0000000008007768                I2C2_ER_IRQHandler
                0x0000000008007768                DMA2_Stream1_IRQHandler
                0x0000000008007768                CAN1_SCE_IRQHandler
                0x0000000008007768                FLASH_IRQHandler
                0x0000000008007768                DMA2_Stream4_IRQHandler
                0x0000000008007768                USART1_IRQHandler
                0x0000000008007768                SPI3_IRQHandler
                0x0000000008007768                DMA1_Stream4_IRQHandler
                0x0000000008007768                I2C1_ER_IRQHandler
                0x0000000008007768                DMA2_Stream6_IRQHandler
                0x0000000008007768                DMA1_Stream3_IRQHandler
 *fill*         0x000000000800776a        0x2 
 .text.__libc_init_array
                0x000000000800776c       0x48 /usr/share/gcc-arm-none-eabi-10.3-2021.07/bin/../lib/gcc/arm-none-eabi/10.3.1/../../../../arm-none-eabi/lib/thumb/v7e-m+fp/hard/libc_nano.a(lib_a-init.o)
                0x000000000800776c                __libc_init_array
 .text.memcpy   0x00000000080077b4       0x1c /usr/share/gcc-arm-none-eabi-10.3-2021.07/bin/../lib/gcc/arm-none-eabi/10.3.1/../../../../arm-none-eabi/lib/thumb/v7e-m+fp/hard/libc_nano.a(lib_a-memcpy-stub.o)
                0x00000000080077b4                memcpy
 .text.memset   0x00000000080077d0       0x10 /usr/share/gcc-arm-none-eabi-10.3-2021.07/bin/../lib/gcc/arm-none-eabi/10.3.1/../../../../arm-none-eabi/lib/thumb/v7e-m+fp/hard/libc_nano.a(lib_a-memset.o)
                0x00000000080077d0                memset
 *(.glue_7)
 .glue_7        0x00000000080077e0        0x0 linker stubs
 *(.glue_7t)
 .glue_7t       0x00000000080077e0        0x0 linker stubs
 *(.eh_frame)
 .eh_frame      0x00000000080077e0        0x0 /usr/share/gcc-arm-none-eabi-10.3-2021.07/bin/../lib/gcc/arm-none-eabi/10.3.1/thumb/v7e-m+fp/hard/crtbegin.o
 *(.init)
 .init          0x00000000080077e0        0x4 /usr/share/gcc-arm-none-eabi-10.3-2021.07/bin/../lib/gcc/arm-none-eabi/10.3.1/thumb/v7e-m+fp/hard/crti.o
                0x00000000080077e0                _init
 .init          0x00000000080077e4        0x8 /usr/share/gcc-arm-none-eabi-10.3-2021.07/bin/../lib/gcc/arm-none-eabi/10.3.1/thumb/v7e-m+fp/hard/crtn.o
 *(.fini)
 .fini          0x00000000080077ec        0x4 /usr/share/gcc-arm-none-eabi-10.3-2021.07/bin/../lib/gcc/arm-none-eabi/10.3.1/thumb/v7e-m+fp/hard/crti.o
                0x00000000080077ec                _fini
 .fini          0x00000000080077f0        0x8 /usr/share/gcc-arm-none-eabi-10.3-2021.07/bin/../lib/gcc/arm-none-eabi/10.3.1/thumb/v7e-m+fp/hard/crtn.o
                0x00000000080077f8                . = ALIGN (0x4)
                0x00000000080077f8                _etext = .

.vfp11_veneer   0x00000000080077f8        0x0
 .vfp11_veneer  0x00000000080077f8        0x0 linker stubs

.v4_bx          0x00000000080077f8        0x0
 .v4_bx         0x00000000080077f8        0x0 linker stubs

.iplt           0x00000000080077f8        0x0
 .iplt          0x00000000080077f8        0x0 /usr/share/gcc-arm-none-eabi-10.3-2021.07/bin/../lib/gcc/arm-none-eabi/10.3.1/thumb/v7e-m+fp/hard/crtbegin.o

.rodata         0x00000000080077f8      0x270
                0x00000000080077f8                . = ALIGN (0x4)
 *(.rodata)
 *(.rodata*)
 .rodata.AHBPrescTable
                0x00000000080077f8       0x10 build/system_stm32f4xx.o
                0x00000000080077f8                AHBPrescTable
 .rodata.APBPrescTable
                0x0000000008007808        0x8 build/system_stm32f4xx.o
                0x0000000008007808                APBPrescTable
 .rodata.USBD_FS_ProductStrDescriptor.str1.4
                0x0000000008007810       0x16 build/usbd_desc.o
 *fill*         0x0000000008007826        0x2 
 .rodata.USBD_FS_ManufacturerStrDescriptor.str1.4
                0x0000000008007828       0x13 build/usbd_desc.o
 *fill*         0x000000000800783b        0x1 
 .rodata.USBD_FS_ConfigStrDescriptor.str1.4
                0x000000000800783c        0xb build/usbd_desc.o
 *fill*         0x0000000008007847        0x1 
 .rodata.USBD_FS_InterfaceStrDescriptor.str1.4
                0x0000000008007848        0xe build/usbd_desc.o
 *fill*         0x0000000008007856        0x2 
 .rodata.str1.4
                0x0000000008007858        0xc build/freertos.o
 .rodata.defaultTask_attributes
                0x0000000008007864       0x24 build/freertos.o
                0x0000000008007864                defaultTask_attributes
 .rodata.vTaskStartScheduler.str1.4
                0x0000000008007888        0x5 build/tasks.o
 *fill*         0x000000000800788d        0x3 
 .rodata.prvCheckForValidListAndQueue.str1.4
                0x0000000008007890        0x5 build/timers.o
 *fill*         0x0000000008007895        0x3 
 .rodata.xTimerCreateTimerTask.str1.4
                0x0000000008007898        0x8 build/timers.o
 .rodata.motorTim
                0x00000000080078a0       0x40 build/car_driver.o
 .rodata.digit  0x00000000080078e0       0x10 build/debug.o
 .rodata.systemInit.str1.4
                0x00000000080078f0       0x42 build/system.o
 *fill*         0x0000000008007932        0x2 
 .rodata.systemLaunch.str1.4
                0x0000000008007934        0x7 build/system.o
 *fill*         0x000000000800793b        0x1 
 .rodata.systemTask.str1.4
                0x000000000800793c       0x29 build/system.o
 .rodata._ctype_
                0x0000000008007965      0x101 /usr/share/gcc-arm-none-eabi-10.3-2021.07/bin/../lib/gcc/arm-none-eabi/10.3.1/../../../../arm-none-eabi/lib/thumb/v7e-m+fp/hard/libc_nano.a(lib_a-ctype_.o)
                0x0000000008007965                _ctype_
                0x0000000008007a68                . = ALIGN (0x4)
 *fill*         0x0000000008007a66        0x2 

.ARM.extab
 *(.ARM.extab* .gnu.linkonce.armextab.*)

.ARM            0x0000000008007a68        0x8
                0x0000000008007a68                __exidx_start = .
 *(.ARM.exidx*)
 .ARM.exidx     0x0000000008007a68        0x8 /usr/share/gcc-arm-none-eabi-10.3-2021.07/bin/../lib/gcc/arm-none-eabi/10.3.1/thumb/v7e-m+fp/hard/libgcc.a(_udivmoddi4.o)
                0x0000000008007a70                __exidx_end = .

.rel.dyn        0x0000000008007a70        0x0
 .rel.iplt      0x0000000008007a70        0x0 /usr/share/gcc-arm-none-eabi-10.3-2021.07/bin/../lib/gcc/arm-none-eabi/10.3.1/thumb/v7e-m+fp/hard/crtbegin.o

.preinit_array  0x0000000008007a70        0x0
                0x0000000008007a70                PROVIDE (__preinit_array_start = .)
 *(.preinit_array*)
                0x0000000008007a70                PROVIDE (__preinit_array_end = .)

.init_array     0x0000000008007a70        0x4
                0x0000000008007a70                PROVIDE (__init_array_start = .)
 *(SORT_BY_NAME(.init_array.*))
 *(.init_array*)
 .init_array    0x0000000008007a70        0x4 /usr/share/gcc-arm-none-eabi-10.3-2021.07/bin/../lib/gcc/arm-none-eabi/10.3.1/thumb/v7e-m+fp/hard/crtbegin.o
                0x0000000008007a74                PROVIDE (__init_array_end = .)

.fini_array     0x0000000008007a74        0x4
                [!provide]                        PROVIDE (__fini_array_start = .)
 *(SORT_BY_NAME(.fini_array.*))
 *(.fini_array*)
 .fini_array    0x0000000008007a74        0x4 /usr/share/gcc-arm-none-eabi-10.3-2021.07/bin/../lib/gcc/arm-none-eabi/10.3.1/thumb/v7e-m+fp/hard/crtbegin.o
                [!provide]                        PROVIDE (__fini_array_end = .)
                0x0000000008007a78                _sidata = LOADADDR (.data)

.data           0x0000000020000000      0x184 load address 0x0000000008007a78
                0x0000000020000000                . = ALIGN (0x4)
                0x0000000020000000                _sdata = .
 *(.data)
 *(.data*)
 .data.uwTickFreq
                0x0000000020000000        0x1 build/stm32f4xx_hal.o
                0x0000000020000000                uwTickFreq
 *fill*         0x0000000020000001        0x3 
 .data.uwTickPrio
                0x0000000020000004        0x4 build/stm32f4xx_hal.o
                0x0000000020000004                uwTickPrio
 .data.SystemCoreClock
                0x0000000020000008        0x4 build/system_stm32f4xx.o
                0x0000000020000008                SystemCoreClock
 .data.FS_Desc  0x000000002000000c       0x1c build/usbd_desc.o
                0x000000002000000c                FS_Desc
 .data.USBD_FS_DeviceDesc
                0x0000000020000028       0x12 build/usbd_desc.o
                0x0000000020000028                USBD_FS_DeviceDesc
 *fill*         0x000000002000003a        0x2 
 .data.USBD_LangIDDesc
                0x000000002000003c        0x4 build/usbd_desc.o
                0x000000002000003c                USBD_LangIDDesc
 .data.USBD_StringSerial
                0x0000000020000040       0x1a build/usbd_desc.o
                0x0000000020000040                USBD_StringSerial
 *fill*         0x000000002000005a        0x2 
 .data.USBD_Interface_fops_FS
                0x000000002000005c       0x14 build/usbd_cdc_if.o
                0x000000002000005c                USBD_Interface_fops_FS
 .data.USBD_CDC
                0x0000000020000070       0x38 build/usbd_cdc.o
                0x0000000020000070                USBD_CDC
 .data.USBD_CDC_CfgFSDesc
                0x00000000200000a8       0x43 build/usbd_cdc.o
 *fill*         0x00000000200000eb        0x1 
 .data.USBD_CDC_CfgHSDesc
                0x00000000200000ec       0x43 build/usbd_cdc.o
 *fill*         0x000000002000012f        0x1 
 .data.USBD_CDC_DeviceQualifierDesc
                0x0000000020000130        0xa build/usbd_cdc.o
 *fill*         0x000000002000013a        0x2 
 .data.USBD_CDC_OtherSpeedCfgDesc
                0x000000002000013c       0x43 build/usbd_cdc.o
 *fill*         0x000000002000017f        0x1 
 .data.uxCriticalNesting
                0x0000000020000180        0x4 build/port.o
                0x0000000020000184                . = ALIGN (0x4)
                0x0000000020000184                _edata = .
                0x0000000008007bfc                _siccmram = LOADADDR (.ccmram)

.igot.plt       0x0000000020000184        0x0 load address 0x0000000008007bfc
 .igot.plt      0x0000000020000184        0x0 /usr/share/gcc-arm-none-eabi-10.3-2021.07/bin/../lib/gcc/arm-none-eabi/10.3.1/thumb/v7e-m+fp/hard/crtbegin.o

.ccmram         0x0000000010000000      0x714 load address 0x0000000008007bfc
                0x0000000010000000                . = ALIGN (0x4)
                0x0000000010000000                _sccmram = .
 *(.ccmram)
 .ccmram        0x0000000010000000       0x5c build/system.o
 .ccmram        0x000000001000005c      0x6b8 build/static_mem.o
 *(.ccmram*)
                0x0000000010000714                . = ALIGN (0x4)
                0x0000000010000714                _eccmram = .
                0x0000000010000714                . = ALIGN (0x4)

.bss            0x0000000020000188     0x678c
                0x0000000020000188                _sbss = .
                0x0000000020000188                __bss_start__ = _sbss
 *(.bss)
 .bss           0x0000000020000188       0x1c /usr/share/gcc-arm-none-eabi-10.3-2021.07/bin/../lib/gcc/arm-none-eabi/10.3.1/thumb/v7e-m+fp/hard/crtbegin.o
 *(.bss*)
 .bss.uwTick    0x00000000200001a4        0x4 build/stm32f4xx_hal.o
                0x00000000200001a4                uwTick
 .bss.htim1     0x00000000200001a8       0x48 build/tim.o
                0x00000000200001a8                htim1
 .bss.htim2     0x00000000200001f0       0x48 build/tim.o
                0x00000000200001f0                htim2
 .bss.hUsbDeviceFS
                0x0000000020000238      0x2d0 build/usb_device.o
                0x0000000020000238                hUsbDeviceFS
 .bss.USBD_StrDesc
                0x0000000020000508      0x200 build/usbd_desc.o
                0x0000000020000508                USBD_StrDesc
 .bss.UserRxBufferFS
                0x0000000020000708      0x800 build/usbd_cdc_if.o
                0x0000000020000708                UserRxBufferFS
 .bss.UserTxBufferFS
                0x0000000020000f08      0x800 build/usbd_cdc_if.o
                0x0000000020000f08                UserTxBufferFS
 .bss.p         0x0000000020001708       0x20 build/usbd_cdc_if.o
 .bss.hpcd_USB_OTG_FS
                0x0000000020001728      0x408 build/usbd_conf.o
                0x0000000020001728                hpcd_USB_OTG_FS
 .bss.mem.0     0x0000000020001b30      0x220 build/usbd_conf.o
 .bss.cfgidx.0  0x0000000020001d50        0x1 build/usbd_ctlreq.o
 *fill*         0x0000000020001d51        0x3 
 .bss.huart2    0x0000000020001d54       0x44 build/usart.o
                0x0000000020001d54                huart2
 .bss.defaultTaskHandle
                0x0000000020001d98        0x4 build/freertos.o
                0x0000000020001d98                defaultTaskHandle
 .bss.htim3     0x0000000020001d9c       0x48 build/stm32f4xx_hal_timebase_tim.o
                0x0000000020001d9c                htim3
 .bss.xQueueRegistry
                0x0000000020001de4       0x40 build/queue.o
                0x0000000020001de4                xQueueRegistry
 .bss.pxCurrentTCB
                0x0000000020001e24        0x4 build/tasks.o
                0x0000000020001e24                pxCurrentTCB
 .bss.pxDelayedTaskList
                0x0000000020001e28        0x4 build/tasks.o
 .bss.pxOverflowDelayedTaskList
                0x0000000020001e2c        0x4 build/tasks.o
 .bss.pxReadyTasksLists
                0x0000000020001e30      0x460 build/tasks.o
 .bss.uxCurrentNumberOfTasks
                0x0000000020002290        0x4 build/tasks.o
 .bss.uxDeletedTasksWaitingCleanUp
                0x0000000020002294        0x4 build/tasks.o
 .bss.uxSchedulerSuspended
                0x0000000020002298        0x4 build/tasks.o
 .bss.uxTaskNumber
                0x000000002000229c        0x4 build/tasks.o
 .bss.uxTopReadyPriority
                0x00000000200022a0        0x4 build/tasks.o
 .bss.xDelayedTaskList1
                0x00000000200022a4       0x14 build/tasks.o
 .bss.xDelayedTaskList2
                0x00000000200022b8       0x14 build/tasks.o
 .bss.xIdleTaskHandle
                0x00000000200022cc        0x4 build/tasks.o
 .bss.xNextTaskUnblockTime
                0x00000000200022d0        0x4 build/tasks.o
 .bss.xNumOfOverflows
                0x00000000200022d4        0x4 build/tasks.o
 .bss.xPendedTicks
                0x00000000200022d8        0x4 build/tasks.o
 .bss.xPendingReadyList
                0x00000000200022dc       0x14 build/tasks.o
 .bss.xSchedulerRunning
                0x00000000200022f0        0x4 build/tasks.o
 .bss.xSuspendedTaskList
                0x00000000200022f4       0x14 build/tasks.o
 .bss.xTasksWaitingTermination
                0x0000000020002308       0x14 build/tasks.o
 .bss.xTickCount
                0x000000002000231c        0x4 build/tasks.o
 .bss.xYieldPending
                0x0000000020002320        0x4 build/tasks.o
 .bss.pxCurrentTimerList
                0x0000000020002324        0x4 build/timers.o
 .bss.pxOverflowTimerList
                0x0000000020002328        0x4 build/timers.o
 .bss.ucStaticTimerQueueStorage.1
                0x000000002000232c       0xa0 build/timers.o
 .bss.xActiveTimerList1
                0x00000000200023cc       0x14 build/timers.o
 .bss.xActiveTimerList2
                0x00000000200023e0       0x14 build/timers.o
 .bss.xLastTime.2
                0x00000000200023f4        0x4 build/timers.o
 .bss.xStaticTimerQueue.0
                0x00000000200023f8       0x50 build/timers.o
 .bss.xTimerQueue
                0x0000000020002448        0x4 build/timers.o
 .bss.xTimerTaskHandle
                0x000000002000244c        0x4 build/timers.o
 .bss.KernelState
                0x0000000020002450        0x4 build/cmsis_os2.o
 .bss.pxEnd     0x0000000020002454        0x4 build/heap_4.o
 .bss.ucHeap    0x0000000020002458     0x3c00 build/heap_4.o
 .bss.xBlockAllocatedBit
                0x0000000020006058        0x4 build/heap_4.o
 .bss.xFreeBytesRemaining
                0x000000002000605c        0x4 build/heap_4.o
 .bss.xMinimumEverFreeBytesRemaining
                0x0000000020006060        0x4 build/heap_4.o
 .bss.xNumberOfSuccessfulAllocations
                0x0000000020006064        0x4 build/heap_4.o
 .bss.xNumberOfSuccessfulFrees
                0x0000000020006068        0x4 build/heap_4.o
 .bss.xStart    0x000000002000606c        0x8 build/heap_4.o
 .bss.ucMaxSysCallPriority
                0x0000000020006074        0x1 build/port.o
 *fill*         0x0000000020006075        0x3 
 .bss.ulMaxPRIGROUPValue
                0x0000000020006078        0x4 build/port.o
 .bss.canStartSemaphore
                0x000000002000607c        0x4 build/system.o
 .bss.isInit    0x0000000020006080        0x1 build/system.o
 *fill*         0x0000000020006081        0x7 
 .bss.osSys_systemTaskStackBuffer
                0x0000000020006088      0x800 build/system.o
 .bss.selftestPassed
                0x0000000020006888        0x1 build/system.o
 *fill*         0x0000000020006889        0x3 
 .bss.semaphore_canStartSemaphore_ControlBlock
                0x000000002000688c       0x50 build/system.o
 .bss.attr.0    0x00000000200068dc       0x10 build/static_mem.o
 .bss.attr.3    0x00000000200068ec       0x24 build/static_mem.o
 .bss.crtpPacketDelivery
                0x0000000020006910        0x4 build/usblink.o
 *(COMMON)
                0x0000000020006914                . = ALIGN (0x4)
                0x0000000020006914                _ebss = .
                0x0000000020006914                __bss_end__ = _ebss

._user_heap_stack
                0x0000000020006914      0x604
                0x0000000020006918                . = ALIGN (0x8)
 *fill*         0x0000000020006914        0x4 
                [!provide]                        PROVIDE (end = .)
                [!provide]                        PROVIDE (_end = .)
                0x0000000020006b18                . = (. + _Min_Heap_Size)
 *fill*         0x0000000020006918      0x200 
                0x0000000020006f18                . = (. + _Min_Stack_Size)
 *fill*         0x0000000020006b18      0x400 
                0x0000000020006f18                . = ALIGN (0x8)

/DISCARD/
 libc.a(*)
 libm.a(*)
 libgcc.a(*)

.ARM.attributes
                0x0000000000000000       0x30
 *(.ARM.attributes)
 .ARM.attributes
                0x0000000000000000       0x1e /usr/share/gcc-arm-none-eabi-10.3-2021.07/bin/../lib/gcc/arm-none-eabi/10.3.1/thumb/v7e-m+fp/hard/crti.o
 .ARM.attributes
                0x000000000000001e       0x34 /usr/share/gcc-arm-none-eabi-10.3-2021.07/bin/../lib/gcc/arm-none-eabi/10.3.1/thumb/v7e-m+fp/hard/crtbegin.o
 .ARM.attributes
                0x0000000000000052       0x34 build/main.o
 .ARM.attributes
                0x0000000000000086       0x34 build/gpio.o
 .ARM.attributes
                0x00000000000000ba       0x34 build/stm32f4xx_it.o
 .ARM.attributes
                0x00000000000000ee       0x34 build/stm32f4xx_hal_msp.o
 .ARM.attributes
                0x0000000000000122       0x34 build/stm32f4xx_hal_tim.o
 .ARM.attributes
                0x0000000000000156       0x34 build/stm32f4xx_hal_tim_ex.o
 .ARM.attributes
                0x000000000000018a       0x34 build/stm32f4xx_hal_rcc.o
 .ARM.attributes
                0x00000000000001be       0x34 build/stm32f4xx_hal_gpio.o
 .ARM.attributes
                0x00000000000001f2       0x34 build/stm32f4xx_hal_cortex.o
 .ARM.attributes
                0x0000000000000226       0x34 build/stm32f4xx_hal.o
 .ARM.attributes
                0x000000000000025a       0x34 build/system_stm32f4xx.o
 .ARM.attributes
                0x000000000000028e       0x34 build/tim.o
 .ARM.attributes
                0x00000000000002c2       0x34 build/usb_device.o
 .ARM.attributes
                0x00000000000002f6       0x34 build/usbd_desc.o
 .ARM.attributes
                0x000000000000032a       0x34 build/usbd_cdc_if.o
 .ARM.attributes
                0x000000000000035e       0x34 build/usbd_conf.o
 .ARM.attributes
                0x0000000000000392       0x34 build/stm32f4xx_hal_pcd.o
 .ARM.attributes
                0x00000000000003c6       0x34 build/stm32f4xx_hal_pcd_ex.o
 .ARM.attributes
                0x00000000000003fa       0x34 build/stm32f4xx_ll_usb.o
 .ARM.attributes
                0x000000000000042e       0x34 build/usbd_core.o
 .ARM.attributes
                0x0000000000000462       0x34 build/usbd_ctlreq.o
 .ARM.attributes
                0x0000000000000496       0x34 build/usbd_ioreq.o
 .ARM.attributes
                0x00000000000004ca       0x34 build/usbd_cdc.o
 .ARM.attributes
                0x00000000000004fe       0x34 build/usart.o
 .ARM.attributes
                0x0000000000000532       0x34 build/stm32f4xx_hal_uart.o
 .ARM.attributes
                0x0000000000000566       0x34 build/freertos.o
 .ARM.attributes
                0x000000000000059a       0x34 build/stm32f4xx_hal_timebase_tim.o
 .ARM.attributes
                0x00000000000005ce       0x34 build/list.o
 .ARM.attributes
                0x0000000000000602       0x34 build/queue.o
 .ARM.attributes
                0x0000000000000636       0x34 build/tasks.o
 .ARM.attributes
                0x000000000000066a       0x34 build/timers.o
 .ARM.attributes
                0x000000000000069e       0x34 build/cmsis_os2.o
 .ARM.attributes
                0x00000000000006d2       0x34 build/heap_4.o
 .ARM.attributes
                0x0000000000000706       0x34 build/port.o
 .ARM.attributes
                0x000000000000073a       0x34 build/car_driver.o
 .ARM.attributes
                0x000000000000076e       0x34 build/_usart.o
 .ARM.attributes
                0x00000000000007a2       0x34 build/debug.o
 .ARM.attributes
                0x00000000000007d6       0x34 build/system.o
 .ARM.attributes
                0x000000000000080a       0x34 build/static_mem.o
 .ARM.attributes
                0x000000000000083e       0x34 build/usblink.o
 .ARM.attributes
                0x0000000000000872       0x21 build/startup_stm32f407xx.o
 .ARM.attributes
                0x0000000000000893       0x32 /usr/share/gcc-arm-none-eabi-10.3-2021.07/bin/../lib/gcc/arm-none-eabi/10.3.1/../../../../arm-none-eabi/lib/thumb/v7e-m+fp/hard/libc_nano.a(lib_a-ctype_.o)
 .ARM.attributes
                0x00000000000008c5       0x34 /usr/share/gcc-arm-none-eabi-10.3-2021.07/bin/../lib/gcc/arm-none-eabi/10.3.1/../../../../arm-none-eabi/lib/thumb/v7e-m+fp/hard/libc_nano.a(lib_a-init.o)
 .ARM.attributes
                0x00000000000008f9       0x34 /usr/share/gcc-arm-none-eabi-10.3-2021.07/bin/../lib/gcc/arm-none-eabi/10.3.1/../../../../arm-none-eabi/lib/thumb/v7e-m+fp/hard/libc_nano.a(lib_a-memcpy-stub.o)
 .ARM.attributes
                0x000000000000092d       0x34 /usr/share/gcc-arm-none-eabi-10.3-2021.07/bin/../lib/gcc/arm-none-eabi/10.3.1/../../../../arm-none-eabi/lib/thumb/v7e-m+fp/hard/libc_nano.a(lib_a-memset.o)
 .ARM.attributes
                0x0000000000000961       0x1e /usr/share/gcc-arm-none-eabi-10.3-2021.07/bin/../lib/gcc/arm-none-eabi/10.3.1/thumb/v7e-m+fp/hard/libgcc.a(_arm_truncdfsf2.o)
 .ARM.attributes
                0x000000000000097f       0x1e /usr/share/gcc-arm-none-eabi-10.3-2021.07/bin/../lib/gcc/arm-none-eabi/10.3.1/thumb/v7e-m+fp/hard/libgcc.a(_aeabi_uldivmod.o)
 .ARM.attributes
                0x000000000000099d       0x34 /usr/share/gcc-arm-none-eabi-10.3-2021.07/bin/../lib/gcc/arm-none-eabi/10.3.1/thumb/v7e-m+fp/hard/libgcc.a(_fixsfdi.o)
 .ARM.attributes
                0x00000000000009d1       0x34 /usr/share/gcc-arm-none-eabi-10.3-2021.07/bin/../lib/gcc/arm-none-eabi/10.3.1/thumb/v7e-m+fp/hard/libgcc.a(_fixunssfdi.o)
 .ARM.attributes
                0x0000000000000a05       0x34 /usr/share/gcc-arm-none-eabi-10.3-2021.07/bin/../lib/gcc/arm-none-eabi/10.3.1/thumb/v7e-m+fp/hard/libgcc.a(_udivmoddi4.o)
 .ARM.attributes
                0x0000000000000a39       0x1e /usr/share/gcc-arm-none-eabi-10.3-2021.07/bin/../lib/gcc/arm-none-eabi/10.3.1/thumb/v7e-m+fp/hard/libgcc.a(_arm_muldf3.o)
 .ARM.attributes
                0x0000000000000a57       0x1e /usr/share/gcc-arm-none-eabi-10.3-2021.07/bin/../lib/gcc/arm-none-eabi/10.3.1/thumb/v7e-m+fp/hard/libgcc.a(_dvmd_tls.o)
 .ARM.attributes
                0x0000000000000a75       0x1e /usr/share/gcc-arm-none-eabi-10.3-2021.07/bin/../lib/gcc/arm-none-eabi/10.3.1/thumb/v7e-m+fp/hard/libgcc.a(_arm_addsubdf3.o)
 .ARM.attributes
                0x0000000000000a93       0x1e /usr/share/gcc-arm-none-eabi-10.3-2021.07/bin/../lib/gcc/arm-none-eabi/10.3.1/thumb/v7e-m+fp/hard/libgcc.a(_arm_fixunsdfsi.o)
 .ARM.attributes
                0x0000000000000ab1       0x1e /usr/share/gcc-arm-none-eabi-10.3-2021.07/bin/../lib/gcc/arm-none-eabi/10.3.1/thumb/v7e-m+fp/hard/crtn.o
OUTPUT(build/STM32F407DiscoveryCar.elf elf32-littlearm)
LOAD linker stubs
LOAD /usr/share/gcc-arm-none-eabi-10.3-2021.07/bin/../lib/gcc/arm-none-eabi/10.3.1/../../../../arm-none-eabi/lib/thumb/v7e-m+fp/hard/libc.a
LOAD /usr/share/gcc-arm-none-eabi-10.3-2021.07/bin/../lib/gcc/arm-none-eabi/10.3.1/../../../../arm-none-eabi/lib/thumb/v7e-m+fp/hard/libm.a
LOAD /usr/share/gcc-arm-none-eabi-10.3-2021.07/bin/../lib/gcc/arm-none-eabi/10.3.1/thumb/v7e-m+fp/hard/libgcc.a

.comment        0x0000000000000000       0x49
 .comment       0x0000000000000000       0x49 build/main.o
                                         0x4a (size before relaxing)
 .comment       0x0000000000000049       0x4a build/gpio.o
 .comment       0x0000000000000049       0x4a build/stm32f4xx_it.o
 .comment       0x0000000000000049       0x4a build/stm32f4xx_hal_msp.o
 .comment       0x0000000000000049       0x4a build/stm32f4xx_hal_tim.o
 .comment       0x0000000000000049       0x4a build/stm32f4xx_hal_tim_ex.o
 .comment       0x0000000000000049       0x4a build/stm32f4xx_hal_rcc.o
 .comment       0x0000000000000049       0x4a build/stm32f4xx_hal_gpio.o
 .comment       0x0000000000000049       0x4a build/stm32f4xx_hal_cortex.o
 .comment       0x0000000000000049       0x4a build/stm32f4xx_hal.o
 .comment       0x0000000000000049       0x4a build/system_stm32f4xx.o
 .comment       0x0000000000000049       0x4a build/tim.o
 .comment       0x0000000000000049       0x4a build/usb_device.o
 .comment       0x0000000000000049       0x4a build/usbd_desc.o
 .comment       0x0000000000000049       0x4a build/usbd_cdc_if.o
 .comment       0x0000000000000049       0x4a build/usbd_conf.o
 .comment       0x0000000000000049       0x4a build/stm32f4xx_hal_pcd.o
 .comment       0x0000000000000049       0x4a build/stm32f4xx_hal_pcd_ex.o
 .comment       0x0000000000000049       0x4a build/stm32f4xx_ll_usb.o
 .comment       0x0000000000000049       0x4a build/usbd_core.o
 .comment       0x0000000000000049       0x4a build/usbd_ctlreq.o
 .comment       0x0000000000000049       0x4a build/usbd_ioreq.o
 .comment       0x0000000000000049       0x4a build/usbd_cdc.o
 .comment       0x0000000000000049       0x4a build/usart.o
 .comment       0x0000000000000049       0x4a build/stm32f4xx_hal_uart.o
 .comment       0x0000000000000049       0x4a build/freertos.o
 .comment       0x0000000000000049       0x4a build/stm32f4xx_hal_timebase_tim.o
 .comment       0x0000000000000049       0x4a build/list.o
 .comment       0x0000000000000049       0x4a build/queue.o
 .comment       0x0000000000000049       0x4a build/tasks.o
 .comment       0x0000000000000049       0x4a build/timers.o
 .comment       0x0000000000000049       0x4a build/cmsis_os2.o
 .comment       0x0000000000000049       0x4a build/heap_4.o
 .comment       0x0000000000000049       0x4a build/port.o
 .comment       0x0000000000000049       0x4a build/car_driver.o
 .comment       0x0000000000000049       0x4a build/_usart.o
 .comment       0x0000000000000049       0x4a build/debug.o
 .comment       0x0000000000000049       0x4a build/system.o
 .comment       0x0000000000000049       0x4a build/static_mem.o
 .comment       0x0000000000000049       0x4a build/usblink.o

.debug_frame    0x0000000000000000      0x24c
 .debug_frame   0x0000000000000000       0x2c /usr/share/gcc-arm-none-eabi-10.3-2021.07/bin/../lib/gcc/arm-none-eabi/10.3.1/../../../../arm-none-eabi/lib/thumb/v7e-m+fp/hard/libc_nano.a(lib_a-init.o)
 .debug_frame   0x000000000000002c       0x28 /usr/share/gcc-arm-none-eabi-10.3-2021.07/bin/../lib/gcc/arm-none-eabi/10.3.1/../../../../arm-none-eabi/lib/thumb/v7e-m+fp/hard/libc_nano.a(lib_a-memcpy-stub.o)
 .debug_frame   0x0000000000000054       0x20 /usr/share/gcc-arm-none-eabi-10.3-2021.07/bin/../lib/gcc/arm-none-eabi/10.3.1/../../../../arm-none-eabi/lib/thumb/v7e-m+fp/hard/libc_nano.a(lib_a-memset.o)
 .debug_frame   0x0000000000000074       0x24 /usr/share/gcc-arm-none-eabi-10.3-2021.07/bin/../lib/gcc/arm-none-eabi/10.3.1/thumb/v7e-m+fp/hard/libgcc.a(_arm_truncdfsf2.o)
 .debug_frame   0x0000000000000098       0x2c /usr/share/gcc-arm-none-eabi-10.3-2021.07/bin/../lib/gcc/arm-none-eabi/10.3.1/thumb/v7e-m+fp/hard/libgcc.a(_aeabi_uldivmod.o)
 .debug_frame   0x00000000000000c4       0x28 /usr/share/gcc-arm-none-eabi-10.3-2021.07/bin/../lib/gcc/arm-none-eabi/10.3.1/thumb/v7e-m+fp/hard/libgcc.a(_fixsfdi.o)
 .debug_frame   0x00000000000000ec       0x2c /usr/share/gcc-arm-none-eabi-10.3-2021.07/bin/../lib/gcc/arm-none-eabi/10.3.1/thumb/v7e-m+fp/hard/libgcc.a(_fixunssfdi.o)
 .debug_frame   0x0000000000000118       0x34 /usr/share/gcc-arm-none-eabi-10.3-2021.07/bin/../lib/gcc/arm-none-eabi/10.3.1/thumb/v7e-m+fp/hard/libgcc.a(_udivmoddi4.o)
 .debug_frame   0x000000000000014c       0x30 /usr/share/gcc-arm-none-eabi-10.3-2021.07/bin/../lib/gcc/arm-none-eabi/10.3.1/thumb/v7e-m+fp/hard/libgcc.a(_arm_muldf3.o)
 .debug_frame   0x000000000000017c       0xac /usr/share/gcc-arm-none-eabi-10.3-2021.07/bin/../lib/gcc/arm-none-eabi/10.3.1/thumb/v7e-m+fp/hard/libgcc.a(_arm_addsubdf3.o)
 .debug_frame   0x0000000000000228       0x24 /usr/share/gcc-arm-none-eabi-10.3-2021.07/bin/../lib/gcc/arm-none-eabi/10.3.1/thumb/v7e-m+fp/hard/libgcc.a(_arm_fixunsdfsi.o)

Cross Reference Table

Symbol                                            File
ADC_IRQHandler                                    build/startup_stm32f407xx.o
AHBPrescTable                                     build/system_stm32f4xx.o
                                                  build/stm32f4xx_hal_rcc.o
APBPrescTable                                     build/system_stm32f4xx.o
                                                  build/stm32f4xx_hal_rcc.o
BusFault_Handler                                  build/stm32f4xx_it.o
CAN1_RX0_IRQHandler                               build/startup_stm32f407xx.o
CAN1_RX1_IRQHandler                               build/startup_stm32f407xx.o
CAN1_SCE_IRQHandler                               build/startup_stm32f407xx.o
CAN1_TX_IRQHandler                                build/startup_stm32f407xx.o
CAN2_RX0_IRQHandler                               build/startup_stm32f407xx.o
CAN2_RX1_IRQHandler                               build/startup_stm32f407xx.o
CAN2_SCE_IRQHandler                               build/startup_stm32f407xx.o
CAN2_TX_IRQHandler                                build/startup_stm32f407xx.o
CDC_Transmit_FS                                   build/usbd_cdc_if.o
                                                  build/usblink.o
DCMI_IRQHandler                                   build/startup_stm32f407xx.o
DMA1_Stream0_IRQHandler                           build/startup_stm32f407xx.o
DMA1_Stream1_IRQHandler                           build/startup_stm32f407xx.o
DMA1_Stream2_IRQHandler                           build/startup_stm32f407xx.o
DMA1_Stream3_IRQHandler                           build/startup_stm32f407xx.o
DMA1_Stream4_IRQHandler                           build/startup_stm32f407xx.o
DMA1_Stream5_IRQHandler                           build/startup_stm32f407xx.o
DMA1_Stream6_IRQHandler                           build/startup_stm32f407xx.o
DMA1_Stream7_IRQHandler                           build/startup_stm32f407xx.o
DMA2_Stream0_IRQHandler                           build/startup_stm32f407xx.o
DMA2_Stream1_IRQHandler                           build/startup_stm32f407xx.o
DMA2_Stream2_IRQHandler                           build/startup_stm32f407xx.o
DMA2_Stream3_IRQHandler                           build/startup_stm32f407xx.o
DMA2_Stream4_IRQHandler                           build/startup_stm32f407xx.o
DMA2_Stream5_IRQHandler                           build/startup_stm32f407xx.o
DMA2_Stream6_IRQHandler                           build/startup_stm32f407xx.o
DMA2_Stream7_IRQHandler                           build/startup_stm32f407xx.o
DebugMon_Handler                                  build/stm32f4xx_it.o
Default_Handler                                   build/startup_stm32f407xx.o
ETH_IRQHandler                                    build/startup_stm32f407xx.o
ETH_WKUP_IRQHandler                               build/startup_stm32f407xx.o
EXTI0_IRQHandler                                  build/startup_stm32f407xx.o
EXTI15_10_IRQHandler                              build/startup_stm32f407xx.o
EXTI1_IRQHandler                                  build/startup_stm32f407xx.o
EXTI2_IRQHandler                                  build/startup_stm32f407xx.o
EXTI3_IRQHandler                                  build/startup_stm32f407xx.o
EXTI4_IRQHandler                                  build/startup_stm32f407xx.o
EXTI9_5_IRQHandler                                build/startup_stm32f407xx.o
Error_Handler                                     build/main.o
                                                  build/usart.o
                                                  build/usbd_conf.o
                                                  build/usb_device.o
                                                  build/tim.o
FLASH_Erase_Sector                                build/stm32f4xx_hal_flash_ex.o
                                                  build/stm32f4xx_hal_flash.o
FLASH_FlushCaches                                 build/stm32f4xx_hal_flash_ex.o
                                                  build/stm32f4xx_hal_flash.o
FLASH_IRQHandler                                  build/startup_stm32f407xx.o
FLASH_WaitForLastOperation                        build/stm32f4xx_hal_flash.o
                                                  build/stm32f4xx_hal_flash_ex.o
FPU_IRQHandler                                    build/startup_stm32f407xx.o
FSMC_IRQHandler                                   build/startup_stm32f407xx.o
FS_Desc                                           build/usbd_desc.o
                                                  build/usb_device.o
HAL_DBGMCU_DisableDBGSleepMode                    build/stm32f4xx_hal.o
HAL_DBGMCU_DisableDBGStandbyMode                  build/stm32f4xx_hal.o
HAL_DBGMCU_DisableDBGStopMode                     build/stm32f4xx_hal.o
HAL_DBGMCU_EnableDBGSleepMode                     build/stm32f4xx_hal.o
HAL_DBGMCU_EnableDBGStandbyMode                   build/stm32f4xx_hal.o
HAL_DBGMCU_EnableDBGStopMode                      build/stm32f4xx_hal.o
HAL_DMAEx_ChangeMemory                            build/stm32f4xx_hal_dma_ex.o
HAL_DMAEx_MultiBufferStart                        build/stm32f4xx_hal_dma_ex.o
HAL_DMAEx_MultiBufferStart_IT                     build/stm32f4xx_hal_dma_ex.o
HAL_DMA_Abort                                     build/stm32f4xx_hal_dma.o
                                                  build/stm32f4xx_hal_uart.o
HAL_DMA_Abort_IT                                  build/stm32f4xx_hal_dma.o